<?xml version="1.0" encoding="UTF-8"?>
<TestRun id="5d917020-a5e4-4981-a5d4-0058e02476f6" name="felixlindemann@FELIXLINDEM239D 2015-02-27 14:43:13" runUser="FELIXLINDEM239D\felixlindemann" xmlns="http://microsoft.com/schemas/VisualStudio/TeamTest/2010">
  <TestSettings name="Lokal" id="c55aef44-e59c-4ee6-aee7-2ad998123b15">
    <Description>Dies sind die standardmäßigen Testeinstellungen für einen lokalen Testlauf.</Description>
    <Deployment enabled="false" runDeploymentRoot="felixlindemann_FELIXLINDEM239D 2015-02-27 14_43_13">
      <DeploymentItem filename="Y:\git\github\RepertoryGrid\RepertoryGrid\packages\DynamicInterop.0.7.4\lib\net40\DynamicInterop.dll" />
      <DeploymentItem filename="Y:\git\github\RepertoryGrid\RepertoryGrid\packages\R.NET.Community.1.5.21\lib\net40\RDotNet.NativeLibrary.dll" />
      <DeploymentItem filename="Y:\git\github\RepertoryGrid\RepertoryGrid\packages\R.NET.Community.1.5.21\lib\net40\RDotNet.dll" />
      <DeploymentItem filename="Y:\git\github\RepertoryGrid\RepertoryGrid\RepertoryGrid\bin\Debug\RepertoryGrid.exe" />
    </Deployment>
    <Execution>
      <TestTypeSpecific />
      <AgentRule name="Execution Agents">
      </AgentRule>
    </Execution>
  </TestSettings>
  <Times creation="2015-02-27T14:43:13.7862000+01:00" queuing="2015-02-27T14:43:18.2946000+01:00" start="2015-02-27T14:43:18.3258000+01:00" finish="2015-02-27T14:43:20.2914000+01:00" />
  <ResultSummary outcome="Completed">
    <Counters total="1" executed="1" passed="1" error="0" failed="0" timeout="0" aborted="0" inconclusive="0" passedButRunAborted="0" notRunnable="0" notExecuted="0" disconnected="0" warning="0" completed="0" inProgress="0" pending="0" />
  </ResultSummary>
  <TestDefinitions>
    <UnitTest name="TestOpenDemoFromR" storage="y:\git\github\repertorygrid\repertorygrid\testprojectrepertorygrid\bin\debug\testprojectrepertorygrid.dll" id="83f15685-de4d-d5a2-2ea1-39b5b0e31bc3">
      <Execution id="99ff0cbc-d228-4378-8cc5-09b760322165" />
      <TestMethod codeBase="Y:/git/github/RepertoryGrid/RepertoryGrid/TestProjectRepertoryGrid/bin/Debug/TestProjectRepertoryGrid.DLL" adapterTypeName="Microsoft.VisualStudio.TestTools.TestTypes.Unit.UnitTestAdapter, Microsoft.VisualStudio.QualityTools.Tips.UnitTest.Adapter, Version=10.0.0.0, Culture=neutral, PublicKeyToken=b03f5f7f11d50a3a" className="TestProjectRepertoryGrid.UnitTestConstructingProject, TestProjectRepertoryGrid, Version=1.0.0.0, Culture=neutral, PublicKeyToken=null" name="TestOpenDemoFromR" />
    </UnitTest>
  </TestDefinitions>
  <TestLists>
    <TestList name="Nicht in einer Liste enthaltene Ergebnisse" id="8c84fa94-04c1-424b-9868-57a2d4851a1d" />
    <TestList name="Alle geladenen Ergebnisse" id="19431567-8539-422a-85d7-44ee4e166bda" />
  </TestLists>
  <TestEntries>
    <TestEntry testId="83f15685-de4d-d5a2-2ea1-39b5b0e31bc3" executionId="99ff0cbc-d228-4378-8cc5-09b760322165" testListId="8c84fa94-04c1-424b-9868-57a2d4851a1d" />
  </TestEntries>
  <Results>
    <UnitTestResult executionId="99ff0cbc-d228-4378-8cc5-09b760322165" testId="83f15685-de4d-d5a2-2ea1-39b5b0e31bc3" testName="TestOpenDemoFromR" computerName="FELIXLINDEM239D" duration="00:00:01.4059929" startTime="2015-02-27T14:43:18.3570000+01:00" endTime="2015-02-27T14:43:20.2290000+01:00" testType="13cdc9d9-ddb5-4fa4-a97d-d965ccfc6d4b" outcome="Passed" testListId="8c84fa94-04c1-424b-9868-57a2d4851a1d" relativeResultsDirectory="99ff0cbc-d228-4378-8cc5-09b760322165">
      <Output>
        <StdOut>Lade nötiges Paket: pvclust
------------------------------------------------
 OpenRepGrid Version 0.1.9
 Tools for the analysis of repertory grid data
 For an introduction visit: www.openrepgrid.org
 CAUTION: The package is in alpha phase.
          Design changes may still occur.
------------------------------------------------</StdOut>
      </Output>
    </UnitTestResult>
  </Results>
</TestRun>