<?xml version="1.0" encoding="UTF-8"?>
<TestRun id="62c14042-bd8a-4095-872a-c398bea6cbf8" name="felixlindemann@FELIXLINDEM239D 2015-02-25 16:29:27" runUser="FELIXLINDEM239D\felixlindemann" xmlns="http://microsoft.com/schemas/VisualStudio/TeamTest/2010">
  <TestSettings name="Lokal" id="c55aef44-e59c-4ee6-aee7-2ad998123b15">
    <Description>Dies sind die standardmäßigen Testeinstellungen für einen lokalen Testlauf.</Description>
    <Deployment userDeploymentRoot="Y:\git\github\RepertoryGrid\RepertoryGrid\TestResults" useDefaultDeploymentRoot="false" enabled="false" runDeploymentRoot="felixlindemann_FELIXLINDEM239D 2015-02-25 16_29_27">
      <DeploymentItem filename="Y:\git\github\RepertoryGrid\RepertoryGrid\RepertoryGrid\bin\Debug\RepertoryGrid.exe" />
    </Deployment>
    <Execution>
      <TestTypeSpecific />
      <AgentRule name="Execution Agents">
      </AgentRule>
    </Execution>
  </TestSettings>
  <Times creation="2015-02-25T16:29:27.8212000+01:00" queuing="2015-02-25T16:29:28.6168000+01:00" start="2015-02-25T16:29:28.6480000+01:00" finish="2015-02-25T16:29:29.5372000+01:00" />
  <ResultSummary outcome="Completed">
    <Counters total="1" executed="1" passed="1" error="0" failed="0" timeout="0" aborted="0" inconclusive="0" passedButRunAborted="0" notRunnable="0" notExecuted="0" disconnected="0" warning="0" completed="0" inProgress="0" pending="0" />
  </ResultSummary>
  <TestDefinitions>
    <UnitTest name="TestMethodConstruct" storage="y:\git\github\repertorygrid\repertorygrid\testprojectrepertorygrid\bin\debug\testprojectrepertorygrid.dll" id="573d3c3a-0183-6978-3ad3-4a370aaef2b5">
      <Execution id="1840521d-bd8b-47d4-9d64-312d078d9023" />
      <TestMethod codeBase="Y:/git/github/RepertoryGrid/RepertoryGrid/TestProjectRepertoryGrid/bin/Debug/TestProjectRepertoryGrid.DLL" adapterTypeName="Microsoft.VisualStudio.TestTools.TestTypes.Unit.UnitTestAdapter, Microsoft.VisualStudio.QualityTools.Tips.UnitTest.Adapter, Version=10.0.0.0, Culture=neutral, PublicKeyToken=b03f5f7f11d50a3a" className="TestProjectRepertoryGrid.UnitTestConstructingProject, TestProjectRepertoryGrid, Version=1.0.0.0, Culture=neutral, PublicKeyToken=null" name="TestMethodConstruct" />
    </UnitTest>
  </TestDefinitions>
  <TestLists>
    <TestList name="Nicht in einer Liste enthaltene Ergebnisse" id="8c84fa94-04c1-424b-9868-57a2d4851a1d" />
    <TestList name="Alle geladenen Ergebnisse" id="19431567-8539-422a-85d7-44ee4e166bda" />
  </TestLists>
  <TestEntries>
    <TestEntry testId="573d3c3a-0183-6978-3ad3-4a370aaef2b5" executionId="1840521d-bd8b-47d4-9d64-312d078d9023" testListId="8c84fa94-04c1-424b-9868-57a2d4851a1d" />
  </TestEntries>
  <Results>
    <UnitTestResult executionId="1840521d-bd8b-47d4-9d64-312d078d9023" testId="573d3c3a-0183-6978-3ad3-4a370aaef2b5" testName="TestMethodConstruct" computerName="FELIXLINDEM239D" duration="00:00:00.1273070" startTime="2015-02-25T16:29:28.6792000+01:00" endTime="2015-02-25T16:29:29.4436000+01:00" testType="13cdc9d9-ddb5-4fa4-a97d-d965ccfc6d4b" outcome="Passed" testListId="8c84fa94-04c1-424b-9868-57a2d4851a1d" relativeResultsDirectory="1840521d-bd8b-47d4-9d64-312d078d9023">
      <Output>
        <DebugTrace> ------------ XML 1 ------------ 
&lt;Project Id="15e1014f-a045-4131-b504-01e1de1b7af9" Name="Demo Project"&gt;
  &lt;Remark&gt;Just for demo Purpose. Random Data used&lt;/Remark&gt;
  &lt;Interview Id="b5f6ea30-cd83-48a4-b713-75c636aa0e36" Proband="Interview 1" Date="25.02.2015 16:29:29"&gt;
    &lt;Remark&gt;Small one&lt;/Remark&gt;
    &lt;Construct Id="3600fd34-9c68-4a7e-86de-f35f56fb807f" Name="Marke" ContrastPol="Billig Marke" ConstructPol="High-End Marke" SortIndex="1" UseForEvaluation="true"&gt;
      &lt;Remark&gt;&lt;/Remark&gt;
    &lt;/Construct&gt;
    &lt;Construct Id="cfac9ecd-9743-4471-bc21-4e96bd935dd3" Name="Farbe" ContrastPol="Dunkel" ConstructPol="Hell" SortIndex="2" UseForEvaluation="true"&gt;
      &lt;Remark&gt;&lt;/Remark&gt;
    &lt;/Construct&gt;
    &lt;Construct Id="f8f11435-a7ee-4b1a-b0c9-f82c96340309" Name="Preis" ContrastPol="Günstig" ConstructPol="Teuer" SortIndex="2" UseForEvaluation="true"&gt;
      &lt;Remark&gt;&lt;/Remark&gt;
    &lt;/Construct&gt;
    &lt;Element Id="1287a84a-d9d6-4a70-856f-08d1b447b1c8" Name="Auto 1" SortIndex="0" UseForEvaluation="true"&gt;
      &lt;Remark&gt;&lt;/Remark&gt;
      &lt;Rating Id="5ed60642-8a4a-439b-8869-cce2e7e051b9" ParentElement="1287a84a-d9d6-4a70-856f-08d1b447b1c8" ParentConstruct="3600fd34-9c68-4a7e-86de-f35f56fb807f" ScaleItemId="3" /&gt;
      &lt;Rating Id="8d84be6d-1f81-40df-a101-fbf20db286d3" ParentElement="1287a84a-d9d6-4a70-856f-08d1b447b1c8" ParentConstruct="cfac9ecd-9743-4471-bc21-4e96bd935dd3" ScaleItemId="2" /&gt;
      &lt;Rating Id="9fce9cf2-655c-46d9-98b6-1b908a9df1cb" ParentElement="1287a84a-d9d6-4a70-856f-08d1b447b1c8" ParentConstruct="f8f11435-a7ee-4b1a-b0c9-f82c96340309" ScaleItemId="3" /&gt;
    &lt;/Element&gt;
    &lt;Element Id="7c334085-53c7-4313-a6d6-b65d406f0ed8" Name="Auto 2" SortIndex="0" UseForEvaluation="true"&gt;
      &lt;Remark&gt;&lt;/Remark&gt;
      &lt;Rating Id="2e31bc4d-c0f4-4e54-97bb-acd5e04d8c73" ParentElement="7c334085-53c7-4313-a6d6-b65d406f0ed8" ParentConstruct="3600fd34-9c68-4a7e-86de-f35f56fb807f" ScaleItemId="1" /&gt;
      &lt;Rating Id="109942dd-9bd5-4b51-80d0-f295188282ec" ParentElement="7c334085-53c7-4313-a6d6-b65d406f0ed8" ParentConstruct="cfac9ecd-9743-4471-bc21-4e96bd935dd3" ScaleItemId="-3" /&gt;
      &lt;Rating Id="c9bc5593-9388-458c-8063-82476650fc73" ParentElement="7c334085-53c7-4313-a6d6-b65d406f0ed8" ParentConstruct="f8f11435-a7ee-4b1a-b0c9-f82c96340309" ScaleItemId="1" /&gt;
    &lt;/Element&gt;
    &lt;Element Id="59cf27e6-16c7-44d0-b334-073b3eb59609" Name="Auto 3" SortIndex="0" UseForEvaluation="true"&gt;
      &lt;Remark&gt;&lt;/Remark&gt;
      &lt;Rating Id="f236a6f6-e0f1-42da-a723-ba074786636a" ParentElement="59cf27e6-16c7-44d0-b334-073b3eb59609" ParentConstruct="3600fd34-9c68-4a7e-86de-f35f56fb807f" ScaleItemId="-3" /&gt;
      &lt;Rating Id="17fd6ab5-5530-40d5-9c4f-3d4a0a40c9af" ParentElement="59cf27e6-16c7-44d0-b334-073b3eb59609" ParentConstruct="cfac9ecd-9743-4471-bc21-4e96bd935dd3" ScaleItemId="-3" /&gt;
      &lt;Rating Id="103788f6-9b3a-434a-8052-d29de7c2525d" ParentElement="59cf27e6-16c7-44d0-b334-073b3eb59609" ParentConstruct="f8f11435-a7ee-4b1a-b0c9-f82c96340309" ScaleItemId="-3" /&gt;
    &lt;/Element&gt;
  &lt;/Interview&gt;
  &lt;ScaleItem Id="2147483647" Name="NAN" /&gt;
  &lt;ScaleItem Id="-2147483648" Name="Not rated (interviewee doesn't want to rate this item)" /&gt;
  &lt;ScaleItem Id="-3" Name="The contrast applies totally" /&gt;
  &lt;ScaleItem Id="-2" Name="The contrast applies not totally, the construct does not apply" /&gt;
  &lt;ScaleItem Id="-1" Name="The contrast rather applies than the construct pole" /&gt;
  &lt;ScaleItem Id="0" Name="Neither the contrast nor the construct aplly" /&gt;
  &lt;ScaleItem Id="1" Name="The construct rather applies than the contrast pole" /&gt;
  &lt;ScaleItem Id="2" Name="The construct applies not totally, the contrast does not apply" /&gt;
  &lt;ScaleItem Id="3" Name="The construct applies totally" /&gt;
&lt;/Project&gt;
 ------------ XML 2 ------------ 
&lt;Project Id="15e1014f-a045-4131-b504-01e1de1b7af9" Name="Demo Project"&gt;
  &lt;Remark&gt;Just for demo Purpose. Random Data used&lt;/Remark&gt;
  &lt;Interview Id="b5f6ea30-cd83-48a4-b713-75c636aa0e36" Proband="Interview 1" Date="25.02.2015 16:29:29"&gt;
    &lt;Remark&gt;Small one&lt;/Remark&gt;
    &lt;Construct Id="3600fd34-9c68-4a7e-86de-f35f56fb807f" Name="Marke" ContrastPol="Billig Marke" ConstructPol="High-End Marke" SortIndex="1" UseForEvaluation="true"&gt;
      &lt;Remark&gt;&lt;/Remark&gt;
    &lt;/Construct&gt;
    &lt;Construct Id="cfac9ecd-9743-4471-bc21-4e96bd935dd3" Name="Farbe" ContrastPol="Dunkel" ConstructPol="Hell" SortIndex="2" UseForEvaluation="true"&gt;
      &lt;Remark&gt;&lt;/Remark&gt;
    &lt;/Construct&gt;
    &lt;Construct Id="f8f11435-a7ee-4b1a-b0c9-f82c96340309" Name="Preis" ContrastPol="Günstig" ConstructPol="Teuer" SortIndex="2" UseForEvaluation="true"&gt;
      &lt;Remark&gt;&lt;/Remark&gt;
    &lt;/Construct&gt;
    &lt;Element Id="1287a84a-d9d6-4a70-856f-08d1b447b1c8" Name="Auto 1" SortIndex="0" UseForEvaluation="true"&gt;
      &lt;Remark&gt;&lt;/Remark&gt;
      &lt;Rating Id="5ed60642-8a4a-439b-8869-cce2e7e051b9" ParentElement="1287a84a-d9d6-4a70-856f-08d1b447b1c8" ParentConstruct="3600fd34-9c68-4a7e-86de-f35f56fb807f" ScaleItemId="3" /&gt;
      &lt;Rating Id="8d84be6d-1f81-40df-a101-fbf20db286d3" ParentElement="1287a84a-d9d6-4a70-856f-08d1b447b1c8" ParentConstruct="cfac9ecd-9743-4471-bc21-4e96bd935dd3" ScaleItemId="2" /&gt;
      &lt;Rating Id="9fce9cf2-655c-46d9-98b6-1b908a9df1cb" ParentElement="1287a84a-d9d6-4a70-856f-08d1b447b1c8" ParentConstruct="f8f11435-a7ee-4b1a-b0c9-f82c96340309" ScaleItemId="3" /&gt;
    &lt;/Element&gt;
    &lt;Element Id="7c334085-53c7-4313-a6d6-b65d406f0ed8" Name="Auto 2" SortIndex="0" UseForEvaluation="true"&gt;
      &lt;Remark&gt;&lt;/Remark&gt;
      &lt;Rating Id="2e31bc4d-c0f4-4e54-97bb-acd5e04d8c73" ParentElement="7c334085-53c7-4313-a6d6-b65d406f0ed8" ParentConstruct="3600fd34-9c68-4a7e-86de-f35f56fb807f" ScaleItemId="1" /&gt;
      &lt;Rating Id="109942dd-9bd5-4b51-80d0-f295188282ec" ParentElement="7c334085-53c7-4313-a6d6-b65d406f0ed8" ParentConstruct="cfac9ecd-9743-4471-bc21-4e96bd935dd3" ScaleItemId="-3" /&gt;
      &lt;Rating Id="c9bc5593-9388-458c-8063-82476650fc73" ParentElement="7c334085-53c7-4313-a6d6-b65d406f0ed8" ParentConstruct="f8f11435-a7ee-4b1a-b0c9-f82c96340309" ScaleItemId="1" /&gt;
    &lt;/Element&gt;
    &lt;Element Id="59cf27e6-16c7-44d0-b334-073b3eb59609" Name="Auto 3" SortIndex="0" UseForEvaluation="true"&gt;
      &lt;Remark&gt;&lt;/Remark&gt;
      &lt;Rating Id="f236a6f6-e0f1-42da-a723-ba074786636a" ParentElement="59cf27e6-16c7-44d0-b334-073b3eb59609" ParentConstruct="3600fd34-9c68-4a7e-86de-f35f56fb807f" ScaleItemId="-3" /&gt;
      &lt;Rating Id="17fd6ab5-5530-40d5-9c4f-3d4a0a40c9af" ParentElement="59cf27e6-16c7-44d0-b334-073b3eb59609" ParentConstruct="cfac9ecd-9743-4471-bc21-4e96bd935dd3" ScaleItemId="-3" /&gt;
      &lt;Rating Id="103788f6-9b3a-434a-8052-d29de7c2525d" ParentElement="59cf27e6-16c7-44d0-b334-073b3eb59609" ParentConstruct="f8f11435-a7ee-4b1a-b0c9-f82c96340309" ScaleItemId="-3" /&gt;
    &lt;/Element&gt;
  &lt;/Interview&gt;
  &lt;ScaleItem Id="2147483647" Name="NAN" /&gt;
  &lt;ScaleItem Id="-2147483648" Name="Not rated (interviewee doesn't want to rate this item)" /&gt;
  &lt;ScaleItem Id="-3" Name="The contrast applies totally" /&gt;
  &lt;ScaleItem Id="-2" Name="The contrast applies not totally, the construct does not apply" /&gt;
  &lt;ScaleItem Id="-1" Name="The contrast rather applies than the construct pole" /&gt;
  &lt;ScaleItem Id="0" Name="Neither the contrast nor the construct aplly" /&gt;
  &lt;ScaleItem Id="1" Name="The construct rather applies than the contrast pole" /&gt;
  &lt;ScaleItem Id="2" Name="The construct applies not totally, the contrast does not apply" /&gt;
  &lt;ScaleItem Id="3" Name="The construct applies totally" /&gt;
&lt;/Project&gt;
</DebugTrace>
      </Output>
    </UnitTestResult>
  </Results>
</TestRun>