<?xml version="1.0" encoding="UTF-8"?>
<TestRun id="0ca4ff7e-43c6-46c1-a579-ca91de7d1a82" name="felixlindemann@FELIXLINDEM239D 2015-02-28 00:27:49" runUser="FELIXLINDEM239D\felixlindemann" xmlns="http://microsoft.com/schemas/VisualStudio/TeamTest/2010">
  <TestSettings name="Lokal" id="c55aef44-e59c-4ee6-aee7-2ad998123b15">
    <Description>Dies sind die standardmäßigen Testeinstellungen für einen lokalen Testlauf.</Description>
    <Deployment enabled="false" runDeploymentRoot="felixlindemann_FELIXLINDEM239D 2015-02-28 00_27_49">
      <DeploymentItem filename="Y:\git\github\RepertoryGrid\RepertoryGrid\packages\DynamicInterop.0.7.4\lib\net40\DynamicInterop.dll" />
      <DeploymentItem filename="Y:\git\github\RepertoryGrid\RepertoryGrid\packages\R.NET.Community.1.5.21\lib\net40\RDotNet.NativeLibrary.dll" />
      <DeploymentItem filename="Y:\git\github\RepertoryGrid\RepertoryGrid\packages\R.NET.Community.1.5.21\lib\net40\RDotNet.dll" />
      <DeploymentItem filename="Y:\git\github\RepertoryGrid\RepertoryGrid\RepertoryGrid\bin\Debug\RepertoryGrid.exe" />
    </Deployment>
    <Execution>
      <TestTypeSpecific />
      <AgentRule name="Execution Agents">
      </AgentRule>
    </Execution>
  </TestSettings>
  <Times creation="2015-02-28T00:27:49.4752000+01:00" queuing="2015-02-28T00:27:52.3724000+01:00" start="2015-02-28T00:27:52.4036000+01:00" finish="2015-02-28T00:27:55.7108000+01:00" />
  <ResultSummary outcome="Completed">
    <Counters total="1" executed="1" passed="1" error="0" failed="0" timeout="0" aborted="0" inconclusive="0" passedButRunAborted="0" notRunnable="0" notExecuted="0" disconnected="0" warning="0" completed="0" inProgress="0" pending="0" />
  </ResultSummary>
  <TestDefinitions>
    <UnitTest name="TestOpenDemoFromR" storage="y:\git\github\repertorygrid\repertorygrid\testprojectrepertorygrid\bin\debug\testprojectrepertorygrid.dll" id="83f15685-de4d-d5a2-2ea1-39b5b0e31bc3">
      <Execution id="7e1f3149-0069-4fe8-8c3b-eeda0e4f4277" />
      <TestMethod codeBase="Y:/git/github/RepertoryGrid/RepertoryGrid/TestProjectRepertoryGrid/bin/Debug/TestProjectRepertoryGrid.DLL" adapterTypeName="Microsoft.VisualStudio.TestTools.TestTypes.Unit.UnitTestAdapter, Microsoft.VisualStudio.QualityTools.Tips.UnitTest.Adapter, Version=10.0.0.0, Culture=neutral, PublicKeyToken=b03f5f7f11d50a3a" className="TestProjectRepertoryGrid.UnitTestConstructingProject, TestProjectRepertoryGrid, Version=1.0.0.0, Culture=neutral, PublicKeyToken=null" name="TestOpenDemoFromR" />
    </UnitTest>
  </TestDefinitions>
  <TestLists>
    <TestList name="Nicht in einer Liste enthaltene Ergebnisse" id="8c84fa94-04c1-424b-9868-57a2d4851a1d" />
    <TestList name="Alle geladenen Ergebnisse" id="19431567-8539-422a-85d7-44ee4e166bda" />
  </TestLists>
  <TestEntries>
    <TestEntry testId="83f15685-de4d-d5a2-2ea1-39b5b0e31bc3" executionId="7e1f3149-0069-4fe8-8c3b-eeda0e4f4277" testListId="8c84fa94-04c1-424b-9868-57a2d4851a1d" />
  </TestEntries>
  <Results>
    <UnitTestResult executionId="7e1f3149-0069-4fe8-8c3b-eeda0e4f4277" testId="83f15685-de4d-d5a2-2ea1-39b5b0e31bc3" testName="TestOpenDemoFromR" computerName="FELIXLINDEM239D" duration="00:00:02.1420342" startTime="2015-02-28T00:27:52.4348000+01:00" endTime="2015-02-28T00:27:55.0712000+01:00" testType="13cdc9d9-ddb5-4fa4-a97d-d965ccfc6d4b" outcome="Passed" testListId="8c84fa94-04c1-424b-9868-57a2d4851a1d" relativeResultsDirectory="7e1f3149-0069-4fe8-8c3b-eeda0e4f4277">
      <Output>
        <StdOut>Lade nötiges Paket: pvclust
------------------------------------------------
 OpenRepGrid Version 0.1.9
 Tools for the analysis of repertory grid data
 For an introduction visit: www.openrepgrid.org
 CAUTION: The package is in alpha phase.
          Design changes may still occur.
------------------------------------------------
[1]1
[1]7
[[1]]
[[1]]$leftpole
[[1]]$leftpole$name
[1]"relaxed"

[[1]]$leftpole$preferred
[1]NA

[[1]]$leftpole$emerged
[1]NA


[[1]]$rightpole
[[1]]$rightpole$name
[1]"worried &amp; tense"

[[1]]$rightpole$preferred
[1]NA

[[1]]$rightpole$emerged
[1]NA



[[2]]
[[2]]$leftpole
[[2]]$leftpole$name
[1]"not so smart (academically)"

[[2]]$leftpole$preferred
[1]NA

[[2]]$leftpole$emerged
[1]NA


[[2]]$rightpole
[[2]]$rightpole$name
[1]"smart (academically)"

[[2]]$rightpole$preferred
[1]NA

[[2]]$rightpole$emerged
[1]NA



[[3]]
[[3]]$leftpole
[[3]]$leftpole$name
[1]"dislikes sports"

[[3]]$leftpole$preferred
[1]NA

[[3]]$leftpole$emerged
[1]NA


[[3]]$rightpole
[[3]]$rightpole$name
[1]"loves sports"

[[3]]$rightpole$preferred
[1]NA

[[3]]$rightpole$emerged
[1]NA



[[4]]
[[4]]$leftpole
[[4]]$leftpole$name
[1]"not interactive"

[[4]]$leftpole$preferred
[1]NA

[[4]]$leftpole$emerged
[1]NA


[[4]]$rightpole
[[4]]$rightpole$name
[1]"loves people"

[[4]]$rightpole$preferred
[1]NA

[[4]]$rightpole$emerged
[1]NA



[[5]]
[[5]]$leftpole
[[5]]$leftpole$name
[1]"not transparent"

[[5]]$leftpole$preferred
[1]NA

[[5]]$leftpole$emerged
[1]NA


[[5]]$rightpole
[[5]]$rightpole$name
[1]"transparent"

[[5]]$rightpole$preferred
[1]NA

[[5]]$rightpole$emerged
[1]NA



[[6]]
[[6]]$leftpole
[[6]]$leftpole$name
[1]"insensitive"

[[6]]$leftpole$preferred
[1]NA

[[6]]$leftpole$emerged
[1]NA


[[6]]$rightpole
[[6]]$rightpole$name
[1]"sensitive"

[[6]]$rightpole$preferred
[1]NA

[[6]]$rightpole$emerged
[1]NA



[[7]]
[[7]]$leftpole
[[7]]$leftpole$name
[1]"fearful&amp;timid"

[[7]]$leftpole$preferred
[1]NA

[[7]]$leftpole$emerged
[1]NA


[[7]]$rightpole
[[7]]$rightpole$name
[1]"fearless"

[[7]]$rightpole$preferred
[1]NA

[[7]]$rightpole$emerged
[1]NA



[[8]]
[[8]]$leftpole
[[8]]$leftpole$name
[1]"rough"

[[8]]$leftpole$preferred
[1]NA

[[8]]$leftpole$emerged
[1]NA


[[8]]$rightpole
[[8]]$rightpole$name
[1]"gentle"

[[8]]$rightpole$preferred
[1]NA

[[8]]$rightpole$emerged
[1]NA



[[9]]
[[9]]$leftpole
[[9]]$leftpole$name
[1]"accept as it is"

[[9]]$leftpole$preferred
[1]NA

[[9]]$leftpole$emerged
[1]NA


[[9]]$rightpole
[[9]]$rightpole$name
[1]"loves to argue"

[[9]]$rightpole$preferred
[1]NA

[[9]]$rightpole$emerged
[1]NA



[[1]]
[[1]]$name
[1]"self"

[[1]]$abbreviation
[1]NA

[[1]]$status
[1]NA


[[2]]
[[2]]$name
[1]"closest friend of the same sex"

[[2]]$abbreviation
[1]NA

[[2]]$status
[1]NA


[[3]]
[[3]]$name
[1]"the unhappiest person you know"

[[3]]$abbreviation
[1]NA

[[3]]$status
[1]NA


[[4]]
[[4]]$name
[1]"A person of the opposite sex that you don't get along with"

[[4]]$abbreviation
[1]NA

[[4]]$status
[1]NA


[[5]]
[[5]]$name
[1]"A teacher you respected"

[[5]]$abbreviation
[1]NA

[[5]]$status
[1]NA


[[6]]
[[6]]$name
[1]"Mother (or the person who filled that kind of role)"

[[6]]$abbreviation
[1]NA

[[6]]$status
[1]NA


[[7]]
[[7]]$name
[1]"A person of the opposite sex that you like more than you dislike"

[[7]]$abbreviation
[1]NA

[[7]]$status
[1]NA


[[8]]
[[8]]$name
[1]"The most confident person you know"

[[8]]$abbreviation
[1]NA

[[8]]$status
[1]NA


[[9]]
[[9]]$name
[1]"A person you work well with (at job or on sports team etc)"

[[9]]$abbreviation
[1]NA

[[9]]$status
[1]NA


[[10]]
[[10]]$name
[1]"A teacher you did not respect"

[[10]]$abbreviation
[1]NA

[[10]]$status
[1]NA


[1]4
[1]6
[1]6
[1]6
[1]6
[1]4
[1]5
[1]5
[1]5
[1]4
[1]7
[1]3
[1]7
[1]4
[1]6
[1]4
[1]6
[1]5
[1]6
[1]6
[1]7
[1]5
[1]5
[1]5
[1]4
[1]6
[1]6
[1]5
[1]5
[1]6
[1]6
[1]7
[1]4
[1]6
[1]4
[1]7
[1]3
[1]7
[1]4
[1]6
[1]3
[1]4
[1]5
[1]5
[1]4
[1]6
[1]4
[1]4
[1]5
[1]7
[1]6
[1]3
[1]7
[1]4
[1]5
[1]6
[1]2
[1]6
[1]6
[1]5
[1]5
[1]7
[1]6
[1]2
[1]7
[1]3
[1]7
[1]5
[1]3
[1]6
[1]3
[1]7
[1]2
[1]4
[1]6
[1]7
[1]6
[1]4
[1]5
[1]5
[1]5
[1]6
[1]7
[1]3
[1]4
[1]3
[1]2
[1]5
[1]6
[1]5
[1]1
[1]7
[[1]]
[[1]]$leftpole
[[1]]$leftpole$name
[1]"good"

[[1]]$leftpole$preferred
[1]NA

[[1]]$leftpole$emerged
[1]NA


[[1]]$rightpole
[[1]]$rightpole$name
[1]""

[[1]]$rightpole$preferred
[1]NA

[[1]]$rightpole$emerged
[1]NA



[[2]]
[[2]]$leftpole
[[2]]$leftpole$name
[1]"dependable"

[[2]]$leftpole$preferred
[1]NA

[[2]]$leftpole$emerged
[1]NA


[[2]]$rightpole
[[2]]$rightpole$name
[1]""

[[2]]$rightpole$preferred
[1]NA

[[2]]$rightpole$emerged
[1]NA



[[3]]
[[3]]$leftpole
[[3]]$leftpole$name
[1]"safe"

[[3]]$leftpole$preferred
[1]NA

[[3]]$leftpole$emerged
[1]NA


[[3]]$rightpole
[[3]]$rightpole$name
[1]""

[[3]]$rightpole$preferred
[1]NA

[[3]]$rightpole$emerged
[1]NA



[[4]]
[[4]]$leftpole
[[4]]$leftpole$name
[1]"clearheaded"

[[4]]$leftpole$preferred
[1]NA

[[4]]$leftpole$emerged
[1]NA


[[4]]$rightpole
[[4]]$rightpole$name
[1]""

[[4]]$rightpole$preferred
[1]NA

[[4]]$rightpole$emerged
[1]NA



[[5]]
[[5]]$leftpole
[[5]]$leftpole$name
[1]"stable"

[[5]]$leftpole$preferred
[1]NA

[[5]]$leftpole$emerged
[1]NA


[[5]]$rightpole
[[5]]$rightpole$name
[1]""

[[5]]$rightpole$preferred
[1]NA

[[5]]$rightpole$emerged
[1]NA



[[6]]
[[6]]$leftpole
[[6]]$leftpole$name
[1]"predictable"

[[6]]$leftpole$preferred
[1]NA

[[6]]$leftpole$emerged
[1]NA


[[6]]$rightpole
[[6]]$rightpole$name
[1]""

[[6]]$rightpole$preferred
[1]NA

[[6]]$rightpole$emerged
[1]NA



[[7]]
[[7]]$leftpole
[[7]]$leftpole$name
[1]"intelligent"

[[7]]$leftpole$preferred
[1]NA

[[7]]$leftpole$emerged
[1]NA


[[7]]$rightpole
[[7]]$rightpole$name
[1]""

[[7]]$rightpole$preferred
[1]NA

[[7]]$rightpole$emerged
[1]NA



[[8]]
[[8]]$leftpole
[[8]]$leftpole$name
[1]"free"

[[8]]$leftpole$preferred
[1]NA

[[8]]$leftpole$emerged
[1]NA


[[8]]$rightpole
[[8]]$rightpole$name
[1]""

[[8]]$rightpole$preferred
[1]NA

[[8]]$rightpole$emerged
[1]NA



[[9]]
[[9]]$leftpole
[[9]]$leftpole$name
[1]"healthy"

[[9]]$leftpole$preferred
[1]NA

[[9]]$leftpole$emerged
[1]NA


[[9]]$rightpole
[[9]]$rightpole$name
[1]""

[[9]]$rightpole$preferred
[1]NA

[[9]]$rightpole$emerged
[1]NA



[[10]]
[[10]]$leftpole
[[10]]$leftpole$name
[1]"honest"

[[10]]$leftpole$preferred
[1]NA

[[10]]$leftpole$emerged
[1]NA


[[10]]$rightpole
[[10]]$rightpole$name
[1]""

[[10]]$rightpole$preferred
[1]NA

[[10]]$rightpole$emerged
[1]NA



[[11]]
[[11]]$leftpole
[[11]]$leftpole$name
[1]"rational"

[[11]]$leftpole$preferred
[1]NA

[[11]]$leftpole$emerged
[1]NA


[[11]]$rightpole
[[11]]$rightpole$name
[1]""

[[11]]$rightpole$preferred
[1]NA

[[11]]$rightpole$emerged
[1]NA



[[12]]
[[12]]$leftpole
[[12]]$leftpole$name
[1]"independent"

[[12]]$leftpole$preferred
[1]NA

[[12]]$leftpole$emerged
[1]NA


[[12]]$rightpole
[[12]]$rightpole$name
[1]""

[[12]]$rightpole$preferred
[1]NA

[[12]]$rightpole$emerged
[1]NA



[[13]]
[[13]]$leftpole
[[13]]$leftpole$name
[1]"calm"

[[13]]$leftpole$preferred
[1]NA

[[13]]$leftpole$emerged
[1]NA


[[13]]$rightpole
[[13]]$rightpole$name
[1]""

[[13]]$rightpole$preferred
[1]NA

[[13]]$rightpole$emerged
[1]NA



[[14]]
[[14]]$leftpole
[[14]]$leftpole$name
[1]"understood"

[[14]]$leftpole$preferred
[1]NA

[[14]]$leftpole$emerged
[1]NA


[[14]]$rightpole
[[14]]$rightpole$name
[1]""

[[14]]$rightpole$preferred
[1]NA

[[14]]$rightpole$emerged
[1]NA



[[1]]
[[1]]$name
[1]"person with manic depressive illness"

[[1]]$abbreviation
[1]NA

[[1]]$status
[1]NA


[[2]]
[[2]]$name
[1]"person with schizophrenia"

[[2]]$abbreviation
[1]NA

[[2]]$status
[1]NA


[[3]]
[[3]]$name
[1]"psychiatric patient"

[[3]]$abbreviation
[1]NA

[[3]]$status
[1]NA


[[4]]
[[4]]$name
[1]"convicted criminal"

[[4]]$abbreviation
[1]NA

[[4]]$status
[1]NA


[[5]]
[[5]]$name
[1]"average person"

[[5]]$abbreviation
[1]NA

[[5]]$status
[1]NA


[[6]]
[[6]]$name
[1]"AIDS patient"

[[6]]$abbreviation
[1]NA

[[6]]$status
[1]NA


[[7]]
[[7]]$name
[1]"person with diabetes"

[[7]]$abbreviation
[1]NA

[[7]]$status
[1]NA


[[8]]
[[8]]$name
[1]"person with cancer"

[[8]]$abbreviation
[1]NA

[[8]]$status
[1]NA


[[9]]
[[9]]$name
[1]"person under stress"

[[9]]$abbreviation
[1]NA

[[9]]$status
[1]NA


[[10]]
[[10]]$name
[1]"myself as I usually am"

[[10]]$abbreviation
[1]NA

[[10]]$status
[1]NA


[[11]]
[[11]]$name
[1]"myself as I am now"

[[11]]$abbreviation
[1]NA

[[11]]$status
[1]NA


[[12]]
[[12]]$name
[1]"myself as I will be in six months"

[[12]]$abbreviation
[1]NA

[[12]]$status
[1]NA


[[13]]
[[13]]$name
[1]"myself as the staff see me"

[[13]]$abbreviation
[1]NA

[[13]]$status
[1]NA


[[14]]
[[14]]$name
[1]"my ideal self"

[[14]]$abbreviation
[1]NA

[[14]]$status
[1]NA


[1]3
[1]4
[1]6
[1]7
[1]7
[1]7
[1]4
[1]7
[1]6
[1]5
[1]5
[1]5
[1]6
[1]6
[1]5
[1]5
[1]7
[1]7
[1]7
[1]7
[1]5
[1]7
[1]7
[1]5
[1]7
[1]6
[1]5
[1]7
[1]3
[1]4
[1]4
[1]4
[1]5
[1]5
[1]4
[1]5
[1]4
[1]4
[1]5
[1]5
[1]5
[1]6
[1]7
[1]7
[1]7
[1]7
[1]7
[1]7
[1]7
[1]7
[1]7
[1]7
[1]6
[1]7
[1]7
[1]7
[1]4
[1]3
[1]3
[1]2
[1]2
[1]6
[1]2
[1]1
[1]1
[1]1
[1]1
[1]1
[1]2
[1]1
[1]2
[1]3
[1]7
[1]7
[1]7
[1]5
[1]1
[1]7
[1]7
[1]1
[1]2
[1]5
[1]7
[1]7
[1]1
[1]1
[1]1
[1]2
[1]1
[1]4
[1]2
[1]1
[1]7
[1]3
[1]2
[1]3
[1]3
[1]3
[1]1
[1]2
[1]2
[1]4
[1]4
[1]4
[1]2
[1]1
[1]7
[1]4
[1]4
[1]4
[1]4
[1]4
[1]7
[1]7
[1]6
[1]7
[1]7
[1]7
[1]7
[1]1
[1]7
[1]4
[1]5
[1]5
[1]7
[1]7
[1]1
[1]2
[1]1
[1]1
[1]2
[1]7
[1]1
[1]1
[1]1
[1]1
[1]1
[1]1
[1]1
[1]3
[1]1
[1]1
[1]1
[1]1
[1]2
[1]7
[1]1
[1]7
[1]4
[1]1
[1]1
[1]1
[1]1
[1]7
[1]1
[1]1
[1]1
[1]1
[1]1
[1]3
[1]1
[1]1
[1]1
[1]1
[1]1
[1]1
[1]1
[1]1
[1]2
[1]3
[1]2
[1]2
[1]3
[1]7
[1]2
[1]7
[1]4
[1]3
[1]3
[1]2
[1]1
[1]7
[1]1
[1]1
[1]1
[1]1
[1]1
[1]7
[1]1
[1]1
[1]1
[1]1
[1]1
[1]1
[1]1
[1]1
[1]1
[1]6
[[1]]
[[1]]$leftpole
[[1]]$leftpole$name
[1]"balanced"

[[1]]$leftpole$preferred
[1]NA

[[1]]$leftpole$emerged
[1]NA


[[1]]$rightpole
[[1]]$rightpole$name
[1]"get along with conflicts"

[[1]]$rightpole$preferred
[1]NA

[[1]]$rightpole$emerged
[1]NA



[[2]]
[[2]]$leftpole
[[2]]$leftpole$name
[1]"isolated"

[[2]]$leftpole$preferred
[1]NA

[[2]]$leftpole$emerged
[1]NA


[[2]]$rightpole
[[2]]$rightpole$name
[1]"sociable"

[[2]]$rightpole$preferred
[1]NA

[[2]]$rightpole$emerged
[1]NA



[[3]]
[[3]]$leftpole
[[3]]$leftpole$name
[1]"closely integrated"

[[3]]$leftpole$preferred
[1]NA

[[3]]$leftpole$emerged
[1]NA


[[3]]$rightpole
[[3]]$rightpole$name
[1]"excluded"

[[3]]$rightpole$preferred
[1]NA

[[3]]$rightpole$emerged
[1]NA



[[4]]
[[4]]$leftpole
[[4]]$leftpole$name
[1]"discursive"

[[4]]$leftpole$preferred
[1]NA

[[4]]$leftpole$emerged
[1]NA


[[4]]$rightpole
[[4]]$rightpole$name
[1]"passive"

[[4]]$rightpole$preferred
[1]NA

[[4]]$rightpole$emerged
[1]NA



[[5]]
[[5]]$leftpole
[[5]]$leftpole$name
[1]"open minded"

[[5]]$leftpole$preferred
[1]NA

[[5]]$leftpole$emerged
[1]NA


[[5]]$rightpole
[[5]]$rightpole$name
[1]"indifferent"

[[5]]$rightpole$preferred
[1]NA

[[5]]$rightpole$emerged
[1]NA



[[6]]
[[6]]$leftpole
[[6]]$leftpole$name
[1]"dreamy"

[[6]]$leftpole$preferred
[1]NA

[[6]]$leftpole$emerged
[1]NA


[[6]]$rightpole
[[6]]$rightpole$name
[1]"dispassionate"

[[6]]$rightpole$preferred
[1]NA

[[6]]$rightpole$emerged
[1]NA



[[7]]
[[7]]$leftpole
[[7]]$leftpole$name
[1]"practically oriented"

[[7]]$leftpole$preferred
[1]NA

[[7]]$leftpole$emerged
[1]NA


[[7]]$rightpole
[[7]]$rightpole$name
[1]"depressed"

[[7]]$rightpole$preferred
[1]NA

[[7]]$rightpole$emerged
[1]NA



[[8]]
[[8]]$leftpole
[[8]]$leftpole$name
[1]"playful"

[[8]]$leftpole$preferred
[1]NA

[[8]]$leftpole$emerged
[1]NA


[[8]]$rightpole
[[8]]$rightpole$name
[1]"serious"

[[8]]$rightpole$preferred
[1]NA

[[8]]$rightpole$emerged
[1]NA



[[9]]
[[9]]$leftpole
[[9]]$leftpole$name
[1]"socially minded"

[[9]]$leftpole$preferred
[1]NA

[[9]]$leftpole$emerged
[1]NA


[[9]]$rightpole
[[9]]$rightpole$name
[1]"selfish"

[[9]]$rightpole$preferred
[1]NA

[[9]]$rightpole$emerged
[1]NA



[[10]]
[[10]]$leftpole
[[10]]$leftpole$name
[1]"quarrelsome"

[[10]]$leftpole$preferred
[1]NA

[[10]]$leftpole$emerged
[1]NA


[[10]]$rightpole
[[10]]$rightpole$name
[1]"peaceful"

[[10]]$rightpole$preferred
[1]NA

[[10]]$rightpole$emerged
[1]NA



[[11]]
[[11]]$leftpole
[[11]]$leftpole$name
[1]"artistic"

[[11]]$leftpole$preferred
[1]NA

[[11]]$leftpole$emerged
[1]NA


[[11]]$rightpole
[[11]]$rightpole$name
[1]"technical"

[[11]]$rightpole$preferred
[1]NA

[[11]]$rightpole$emerged
[1]NA



[[12]]
[[12]]$leftpole
[[12]]$leftpole$name
[1]"scientific"

[[12]]$leftpole$preferred
[1]NA

[[12]]$leftpole$emerged
[1]NA


[[12]]$rightpole
[[12]]$rightpole$name
[1]"emotional"

[[12]]$rightpole$preferred
[1]NA

[[12]]$rightpole$emerged
[1]NA



[[13]]
[[13]]$leftpole
[[13]]$leftpole$name
[1]"introvert"

[[13]]$leftpole$preferred
[1]NA

[[13]]$leftpole$emerged
[1]NA


[[13]]$rightpole
[[13]]$rightpole$name
[1]"extrovert"

[[13]]$rightpole$preferred
[1]NA

[[13]]$rightpole$emerged
[1]NA



[[14]]
[[14]]$leftpole
[[14]]$leftpole$name
[1]"wanderlust"

[[14]]$leftpole$preferred
[1]NA

[[14]]$leftpole$emerged
[1]NA


[[14]]$rightpole
[[14]]$rightpole$name
[1]"home oriented"

[[14]]$rightpole$preferred
[1]NA

[[14]]$rightpole$emerged
[1]NA



[[1]]
[[1]]$name
[1]"self"

[[1]]$abbreviation
[1]NA

[[1]]$status
[1]NA


[[2]]
[[2]]$name
[1]"ideal self"

[[2]]$abbreviation
[1]NA

[[2]]$status
[1]NA


[[3]]
[[3]]$name
[1]"mother"

[[3]]$abbreviation
[1]NA

[[3]]$status
[1]NA


[[4]]
[[4]]$name
[1]"father"

[[4]]$abbreviation
[1]NA

[[4]]$status
[1]NA


[[5]]
[[5]]$name
[1]"kurt"

[[5]]$abbreviation
[1]NA

[[5]]$status
[1]NA


[[6]]
[[6]]$name
[1]"karl"

[[6]]$abbreviation
[1]NA

[[6]]$status
[1]NA


[[7]]
[[7]]$name
[1]"george"

[[7]]$abbreviation
[1]NA

[[7]]$status
[1]NA


[[8]]
[[8]]$name
[1]"martin"

[[8]]$abbreviation
[1]NA

[[8]]$status
[1]NA


[[9]]
[[9]]$name
[1]"elizabeth"

[[9]]$abbreviation
[1]NA

[[9]]$status
[1]NA


[[10]]
[[10]]$name
[1]"therapist"

[[10]]$abbreviation
[1]NA

[[10]]$status
[1]NA


[[11]]
[[11]]$name
[1]"irene"

[[11]]$abbreviation
[1]NA

[[11]]$status
[1]NA


[[12]]
[[12]]$name
[1]"childhood self"

[[12]]$abbreviation
[1]NA

[[12]]$status
[1]NA


[[13]]
[[13]]$name
[1]"self before illness"

[[13]]$abbreviation
[1]NA

[[13]]$status
[1]NA


[[14]]
[[14]]$name
[1]"self with delusion"

[[14]]$abbreviation
[1]NA

[[14]]$status
[1]NA


[[15]]
[[15]]$name
[1]"self as dreamer"

[[15]]$abbreviation
[1]NA

[[15]]$status
[1]NA


[1]1
[1]3
[1]2
[1]4
[1]2
[1]4
[1]2
[1]4
[1]2
[1]5
[1]5
[1]2
[1]4
[1]1
[1]4
[1]6
[1]2
[1]1
[1]1
[1]5
[1]1
[1]5
[1]1
[1]5
[1]1
[1]1
[1]5
[1]1
[1]2
[1]3
[1]2
[1]3
[1]2
[1]3
[1]3
[1]4
[1]3
[1]5
[1]2
[1]5
[1]4
[1]4
[1]2
[1]5
[1]3
[1]1
[1]1
[1]5
[1]2
[1]3
[1]2
[1]5
[1]4
[1]3
[1]6
[1]2
[1]3
[1]5
[1]5
[1]2
[1]2
[1]4
[1]3
[1]4
[1]4
[1]5
[1]3
[1]4
[1]5
[1]4
[1]5
[1]4
[1]3
[1]4
[1]4
[1]5
[1]3
[1]3
[1]5
[1]2
[1]5
[1]4
[1]3
[1]5
[1]2
[1]5
[1]2
[1]2
[1]4
[1]4
[1]3
[1]2
[1]4
[1]5
[1]3
[1]5
[1]5
[1]2
[1]5
[1]4
[1]3
[1]3
[1]2
[1]5
[1]2
[1]3
[1]1
[1]2
[1]2
[1]3
[1]3
[1]5
[1]4
[1]5
[1]2
[1]3
[1]4
[1]4
[1]2
[1]4
[1]3
[1]4
[1]4
[1]4
[1]5
[1]5
[1]2
[1]4
[1]3
[1]2
[1]2
[1]4
[1]3
[1]4
[1]2
[1]4
[1]3
[1]1
[1]2
[1]3
[1]6
[1]4
[1]3
[1]3
[1]6
[1]6
[1]2
[1]5
[1]6
[1]1
[1]3
[1]6
[1]5
[1]6
[1]2
[1]4
[1]4
[1]3
[1]3
[1]3
[1]3
[1]3
[1]3
[1]6
[1]4
[1]4
[1]2
[1]1
[1]2
[1]2
[1]4
[1]3
[1]2
[1]3
[1]3
[1]2
[1]3
[1]5
[1]4
[1]2
[1]2
[1]1
[1]3
[1]2
[1]5
[1]5
[1]2
[1]3
[1]3
[1]4
[1]3
[1]5
[1]4
[1]3
[1]2
[1]2
[1]3
[1]3
[1]3
[1]4
[1]3
[1]2
[1]3
[1]3
[1]3
[1]5
[1]4
[1]3
[1]3
[1]1
[1]1
[1]7
[[1]]
[[1]]$leftpole
[[1]]$leftpole$name
[1]"clever"

[[1]]$leftpole$preferred
[1]NA

[[1]]$leftpole$emerged
[1]NA


[[1]]$rightpole
[[1]]$rightpole$name
[1]"not bright"

[[1]]$rightpole$preferred
[1]NA

[[1]]$rightpole$emerged
[1]NA



[[2]]
[[2]]$leftpole
[[2]]$leftpole$name
[1]"disorganized"

[[2]]$leftpole$preferred
[1]NA

[[2]]$leftpole$emerged
[1]NA


[[2]]$rightpole
[[2]]$rightpole$name
[1]"organized"

[[2]]$rightpole$preferred
[1]NA

[[2]]$rightpole$emerged
[1]NA



[[3]]
[[3]]$leftpole
[[3]]$leftpole$name
[1]"listens"

[[3]]$leftpole$preferred
[1]NA

[[3]]$leftpole$emerged
[1]NA


[[3]]$rightpole
[[3]]$rightpole$name
[1]"doesn't hear"

[[3]]$rightpole$preferred
[1]NA

[[3]]$rightpole$emerged
[1]NA



[[4]]
[[4]]$leftpole
[[4]]$leftpole$name
[1]"no clear view"

[[4]]$leftpole$preferred
[1]NA

[[4]]$leftpole$emerged
[1]NA


[[4]]$rightpole
[[4]]$rightpole$name
[1]"clear view of life"

[[4]]$rightpole$preferred
[1]NA

[[4]]$rightpole$emerged
[1]NA



[[5]]
[[5]]$leftpole
[[5]]$leftpole$name
[1]"understands me"

[[5]]$leftpole$preferred
[1]NA

[[5]]$leftpole$emerged
[1]NA


[[5]]$rightpole
[[5]]$rightpole$name
[1]"no understanding"

[[5]]$rightpole$preferred
[1]NA

[[5]]$rightpole$emerged
[1]NA



[[6]]
[[6]]$leftpole
[[6]]$leftpole$name
[1]"ambitious"

[[6]]$leftpole$preferred
[1]NA

[[6]]$leftpole$emerged
[1]NA


[[6]]$rightpole
[[6]]$rightpole$name
[1]"no ambition"

[[6]]$rightpole$preferred
[1]NA

[[6]]$rightpole$emerged
[1]NA



[[7]]
[[7]]$leftpole
[[7]]$leftpole$name
[1]"respected"

[[7]]$leftpole$preferred
[1]NA

[[7]]$leftpole$emerged
[1]NA


[[7]]$rightpole
[[7]]$rightpole$name
[1]"not respected"

[[7]]$rightpole$preferred
[1]NA

[[7]]$rightpole$emerged
[1]NA



[[8]]
[[8]]$leftpole
[[8]]$leftpole$name
[1]"distant"

[[8]]$leftpole$preferred
[1]NA

[[8]]$leftpole$emerged
[1]NA


[[8]]$rightpole
[[8]]$rightpole$name
[1]"warm"

[[8]]$rightpole$preferred
[1]NA

[[8]]$rightpole$emerged
[1]NA



[[9]]
[[9]]$leftpole
[[9]]$leftpole$name
[1]"rather aggressive"

[[9]]$leftpole$preferred
[1]NA

[[9]]$leftpole$emerged
[1]NA


[[9]]$rightpole
[[9]]$rightpole$name
[1]"not aggressive"

[[9]]$rightpole$preferred
[1]NA

[[9]]$rightpole$emerged
[1]NA



[[1]]
[[1]]$name
[1]"self"

[[1]]$abbreviation
[1]NA

[[1]]$status
[1]NA


[[2]]
[[2]]$name
[1]"my father"

[[2]]$abbreviation
[1]NA

[[2]]$status
[1]NA


[[3]]
[[3]]$name
[1]"an old flame"

[[3]]$abbreviation
[1]NA

[[3]]$status
[1]NA


[[4]]
[[4]]$name
[1]"an ethical person"

[[4]]$abbreviation
[1]NA

[[4]]$status
[1]NA


[[5]]
[[5]]$name
[1]"my mother"

[[5]]$abbreviation
[1]NA

[[5]]$status
[1]NA


[[6]]
[[6]]$name
[1]"a rejected teacher"

[[6]]$abbreviation
[1]NA

[[6]]$status
[1]NA


[[7]]
[[7]]$name
[1]"as I would love to be"

[[7]]$abbreviation
[1]NA

[[7]]$status
[1]NA


[[8]]
[[8]]$name
[1]"a pitied person"

[[8]]$abbreviation
[1]NA

[[8]]$status
[1]NA


[1]2
[1]6
[1]3
[1]5
[1]3
[1]6
[1]2
[1]3
[1]1
[1]1
[1]6
[1]1
[1]6
[1]2
[1]3
[1]2
[1]3
[1]3
[1]6
[1]4
[1]6
[1]3
[1]6
[1]5
[1]4
[1]7
[1]3
[1]3
[1]5
[1]3
[1]3
[1]2
[1]4
[1]2
[1]3
[1]3
[1]5
[1]2
[1]3
[1]3
[1]2
[1]7
[1]5
[1]5
[1]5
[1]7
[1]2
[1]7
[1]5
[1]6
[1]3
[1]6
[1]1
[1]2
[1]1
[1]5
[1]1
[1]7
[1]2
[1]3
[1]1
[1]6
[1]5
[1]5
[1]2
[1]4
[1]3
[1]5
[1]5
[1]4
[1]5
[1]7
[1]1
[1]7
[[1]]
[[1]]$leftpole
[[1]]$leftpole$name
[1]"Pessimistic"

[[1]]$leftpole$preferred
[1]NA

[[1]]$leftpole$emerged
[1]NA


[[1]]$rightpole
[[1]]$rightpole$name
[1]"Optimistic"

[[1]]$rightpole$preferred
[1]NA

[[1]]$rightpole$emerged
[1]NA



[[2]]
[[2]]$leftpole
[[2]]$leftpole$name
[1]"Self-demanding"

[[2]]$leftpole$preferred
[1]NA

[[2]]$leftpole$emerged
[1]NA


[[2]]$rightpole
[[2]]$rightpole$name
[1]"Takes it easy"

[[2]]$rightpole$preferred
[1]NA

[[2]]$rightpole$emerged
[1]NA



[[3]]
[[3]]$leftpole
[[3]]$leftpole$name
[1]"Fearful"

[[3]]$leftpole$preferred
[1]NA

[[3]]$leftpole$emerged
[1]NA


[[3]]$rightpole
[[3]]$rightpole$name
[1]"Enterprising"

[[3]]$rightpole$preferred
[1]NA

[[3]]$rightpole$emerged
[1]NA



[[4]]
[[4]]$leftpole
[[4]]$leftpole$name
[1]"Lives to work"

[[4]]$leftpole$preferred
[1]NA

[[4]]$leftpole$emerged
[1]NA


[[4]]$rightpole
[[4]]$rightpole$name
[1]"Works to live"

[[4]]$rightpole$preferred
[1]NA

[[4]]$rightpole$emerged
[1]NA



[[5]]
[[5]]$leftpole
[[5]]$leftpole$name
[1]"Imposes his/her wishes"

[[5]]$leftpole$preferred
[1]NA

[[5]]$leftpole$emerged
[1]NA


[[5]]$rightpole
[[5]]$rightpole$name
[1]"Tolerant with others"

[[5]]$rightpole$preferred
[1]NA

[[5]]$rightpole$emerged
[1]NA



[[6]]
[[6]]$leftpole
[[6]]$leftpole$name
[1]"Teasing"

[[6]]$leftpole$preferred
[1]NA

[[6]]$leftpole$emerged
[1]NA


[[6]]$rightpole
[[6]]$rightpole$name
[1]"Touchy"

[[6]]$rightpole$preferred
[1]NA

[[6]]$rightpole$emerged
[1]NA



[[7]]
[[7]]$leftpole
[[7]]$leftpole$name
[1]"Appreciates others"

[[7]]$leftpole$preferred
[1]NA

[[7]]$leftpole$emerged
[1]NA


[[7]]$rightpole
[[7]]$rightpole$name
[1]"Does not appreciate others"

[[7]]$rightpole$preferred
[1]NA

[[7]]$rightpole$emerged
[1]NA



[[8]]
[[8]]$leftpole
[[8]]$leftpole$name
[1]"Aggressive"

[[8]]$leftpole$preferred
[1]NA

[[8]]$leftpole$emerged
[1]NA


[[8]]$rightpole
[[8]]$rightpole$name
[1]"Calm"

[[8]]$rightpole$preferred
[1]NA

[[8]]$rightpole$emerged
[1]NA



[[9]]
[[9]]$leftpole
[[9]]$leftpole$name
[1]"Concerned about others"

[[9]]$leftpole$preferred
[1]NA

[[9]]$leftpole$emerged
[1]NA


[[9]]$rightpole
[[9]]$rightpole$name
[1]"Selfish"

[[9]]$rightpole$preferred
[1]NA

[[9]]$rightpole$emerged
[1]NA



[[10]]
[[10]]$leftpole
[[10]]$leftpole$name
[1]"Avaricious"

[[10]]$leftpole$preferred
[1]NA

[[10]]$leftpole$emerged
[1]NA


[[10]]$rightpole
[[10]]$rightpole$name
[1]"Generous"

[[10]]$rightpole$preferred
[1]NA

[[10]]$rightpole$emerged
[1]NA



[[11]]
[[11]]$leftpole
[[11]]$leftpole$name
[1]"Sensitive"

[[11]]$leftpole$preferred
[1]NA

[[11]]$leftpole$emerged
[1]NA


[[11]]$rightpole
[[11]]$rightpole$name
[1]"Materialistic, superficial"

[[11]]$rightpole$preferred
[1]NA

[[11]]$rightpole$emerged
[1]NA



[[12]]
[[12]]$leftpole
[[12]]$leftpole$name
[1]"Cheeky"

[[12]]$leftpole$preferred
[1]NA

[[12]]$leftpole$emerged
[1]NA


[[12]]$rightpole
[[12]]$rightpole$name
[1]"Respectful"

[[12]]$rightpole$preferred
[1]NA

[[12]]$rightpole$emerged
[1]NA



[[13]]
[[13]]$leftpole
[[13]]$leftpole$name
[1]"Hypocritical"

[[13]]$leftpole$preferred
[1]NA

[[13]]$leftpole$emerged
[1]NA


[[13]]$rightpole
[[13]]$rightpole$name
[1]"Sincere"

[[13]]$rightpole$preferred
[1]NA

[[13]]$rightpole$emerged
[1]NA



[[14]]
[[14]]$leftpole
[[14]]$leftpole$name
[1]"Blackmailer"

[[14]]$leftpole$preferred
[1]NA

[[14]]$leftpole$emerged
[1]NA


[[14]]$rightpole
[[14]]$rightpole$name
[1]"Non blackmailer"

[[14]]$rightpole$preferred
[1]NA

[[14]]$rightpole$emerged
[1]NA



[[15]]
[[15]]$leftpole
[[15]]$leftpole$name
[1]"Appears stronger than is"

[[15]]$leftpole$preferred
[1]NA

[[15]]$leftpole$emerged
[1]NA


[[15]]$rightpole
[[15]]$rightpole$name
[1]"Natural"

[[15]]$rightpole$preferred
[1]NA

[[15]]$rightpole$emerged
[1]NA



[[16]]
[[16]]$leftpole
[[16]]$leftpole$name
[1]"Does not look after the friendship"

[[16]]$leftpole$preferred
[1]NA

[[16]]$leftpole$emerged
[1]NA


[[16]]$rightpole
[[16]]$rightpole$name
[1]"Looks after the friendship"

[[16]]$rightpole$preferred
[1]NA

[[16]]$rightpole$emerged
[1]NA



[[17]]
[[17]]$leftpole
[[17]]$leftpole$name
[1]"Non Accessible"

[[17]]$leftpole$preferred
[1]NA

[[17]]$leftpole$emerged
[1]NA


[[17]]$rightpole
[[17]]$rightpole$name
[1]"Accessible"

[[17]]$rightpole$preferred
[1]NA

[[17]]$rightpole$emerged
[1]NA



[[18]]
[[18]]$leftpole
[[18]]$leftpole$name
[1]"Introverted"

[[18]]$leftpole$preferred
[1]NA

[[18]]$leftpole$emerged
[1]NA


[[18]]$rightpole
[[18]]$rightpole$name
[1]"Extroverted"

[[18]]$rightpole$preferred
[1]NA

[[18]]$rightpole$emerged
[1]NA



[[19]]
[[19]]$leftpole
[[19]]$leftpole$name
[1]"Gets depressed easily"

[[19]]$leftpole$preferred
[1]NA

[[19]]$leftpole$emerged
[1]NA


[[19]]$rightpole
[[19]]$rightpole$name
[1]"Does not get depressed easily"

[[19]]$rightpole$preferred
[1]NA

[[19]]$rightpole$emerged
[1]NA



[[20]]
[[20]]$leftpole
[[20]]$leftpole$name
[1]"Tries to find the good in things"

[[20]]$leftpole$preferred
[1]NA

[[20]]$leftpole$emerged
[1]NA


[[20]]$rightpole
[[20]]$rightpole$name
[1]"Sees only the negative"

[[20]]$rightpole$preferred
[1]NA

[[20]]$rightpole$emerged
[1]NA



[[1]]
[[1]]$name
[1]"Self now"

[[1]]$abbreviation
[1]NA

[[1]]$status
[1]NA


[[2]]
[[2]]$name
[1]"Mother"

[[2]]$abbreviation
[1]NA

[[2]]$status
[1]NA


[[3]]
[[3]]$name
[1]"Father"

[[3]]$abbreviation
[1]NA

[[3]]$status
[1]NA


[[4]]
[[4]]$name
[1]"Brother"

[[4]]$abbreviation
[1]NA

[[4]]$status
[1]NA


[[5]]
[[5]]$name
[1]"Boyfriend"

[[5]]$abbreviation
[1]NA

[[5]]$status
[1]NA


[[6]]
[[6]]$name
[1]"Friend 1"

[[6]]$abbreviation
[1]NA

[[6]]$status
[1]NA


[[7]]
[[7]]$name
[1]"Friend 2"

[[7]]$abbreviation
[1]NA

[[7]]$status
[1]NA


[[8]]
[[8]]$name
[1]"Non-grata"

[[8]]$abbreviation
[1]NA

[[8]]$status
[1]NA


[[9]]
[[9]]$name
[1]"Friend 3"

[[9]]$abbreviation
[1]NA

[[9]]$status
[1]NA


[[10]]
[[10]]$name
[1]"Cousin"

[[10]]$abbreviation
[1]NA

[[10]]$status
[1]NA


[[11]]
[[11]]$name
[1]"Godmother"

[[11]]$abbreviation
[1]NA

[[11]]$status
[1]NA


[[12]]
[[12]]$name
[1]"Friend 4"

[[12]]$abbreviation
[1]NA

[[12]]$status
[1]NA


[[13]]
[[13]]$name
[1]"Ideal Self"

[[13]]$abbreviation
[1]NA

[[13]]$status
[1]NA


[1]1
[1]1
[1]2
[1]5
[1]6
[1]2
[1]2
[1]6
[1]2
[1]6
[1]1
[1]6
[1]5
[1]3
[1]6
[1]6
[1]5
[1]1
[1]1
[1]6
[1]1
[1]6
[1]2
[1]1
[1]2
[1]7
[1]6
[1]4
[1]2
[1]1
[1]5
[1]6
[1]4
[1]2
[1]3
[1]3
[1]2
[1]2
[1]2
[1]6
[1]5
[1]6
[1]6
[1]2
[1]1
[1]1
[1]6
[1]2
[1]6
[1]1
[1]7
[1]5
[1]4
[1]2
[1]1
[1]3
[1]2
[1]6
[1]6
[1]4
[1]2
[1]2
[1]2
[1]2
[1]1
[1]6
[1]6
[1]2
[1]7
[1]1
[1]7
[1]4
[1]2
[1]1
[1]2
[1]3
[1]1
[1]2
[1]3
[1]6
[1]7
[1]2
[1]4
[1]6
[1]4
[1]4
[1]1
[1]7
[1]2
[1]7
[1]1
[1]6
[1]6
[1]5
[1]5
[1]6
[1]4
[1]4
[1]6
[1]1
[1]3
[1]5
[1]5
[1]6
[1]3
[1]3
[1]5
[1]4
[1]3
[1]5
[1]4
[1]6
[1]5
[1]6
[1]2
[1]2
[1]2
[1]5
[1]3
[1]5
[1]6
[1]6
[1]6
[1]6
[1]6
[1]4
[1]4
[1]6
[1]5
[1]5
[1]5
[1]6
[1]5
[1]6
[1]4
[1]1
[1]4
[1]7
[1]7
[1]2
[1]2
[1]3
[1]5
[1]1
[1]1
[1]6
[1]7
[1]2
[1]7
[1]1
[1]7
[1]1
[1]1
[1]1
[1]2
[1]2
[1]1
[1]5
[1]6
[1]7
[1]6
[1]5
[1]2
[1]6
[1]7
[1]3
[1]4
[1]6
[1]3
[1]6
[1]1
[1]6
[1]6
[1]6
[1]7
[1]4
[1]6
[1]2
[1]1
[1]6
[1]4
[1]6
[1]3
[1]7
[1]3
[1]3
[1]2
[1]6
[1]3
[1]3
[1]4
[1]5
[1]6
[1]6
[1]6
[1]4
[1]3
[1]6
[1]3
[1]3
[1]3
[1]4
[1]4
[1]6
[1]4
[1]5
[1]2
[1]6
[1]2
[1]3
[1]3
[1]6
[1]5
[1]6
[1]6
[1]6
[1]5
[1]6
[1]3
[1]3
[1]2
[1]5
[1]5
[1]6
[1]2
[1]6
[1]5
[1]3
[1]2
[1]6
[1]4
[1]5
[1]4
[1]3
[1]5
[1]4
[1]2
[1]5
[1]3
[1]5
[1]7
[1]4
[1]5
[1]7
[1]7
[1]3
[1]1
[1]7
[1]2
[1]7
[1]1
[1]7
[1]7
[1]7
[1]6
[1]7
[1]7
[1]5
[1]6
[1]1
[1]1
[1]7
[[1]]
[[1]]$leftpole
[[1]]$leftpole$name
[1]"Quick"

[[1]]$leftpole$preferred
[1]NA

[[1]]$leftpole$emerged
[1]NA


[[1]]$rightpole
[[1]]$rightpole$name
[1]"*Slow"

[[1]]$rightpole$preferred
[1]NA

[[1]]$rightpole$emerged
[1]NA



[[2]]
[[2]]$leftpole
[[2]]$leftpole$name
[1]"*Satisfied"

[[2]]$leftpole$preferred
[1]NA

[[2]]$leftpole$emerged
[1]NA


[[2]]$rightpole
[[2]]$rightpole$name
[1]"Bitter"

[[2]]$rightpole$preferred
[1]NA

[[2]]$rightpole$emerged
[1]NA



[[3]]
[[3]]$leftpole
[[3]]$leftpole$name
[1]"Talkative"

[[3]]$leftpole$preferred
[1]NA

[[3]]$leftpole$emerged
[1]NA


[[3]]$rightpole
[[3]]$rightpole$name
[1]"*Quiet"

[[3]]$rightpole$preferred
[1]NA

[[3]]$rightpole$emerged
[1]NA



[[4]]
[[4]]$leftpole
[[4]]$leftpole$name
[1]"*Succesful"

[[4]]$leftpole$preferred
[1]NA

[[4]]$leftpole$emerged
[1]NA


[[4]]$rightpole
[[4]]$rightpole$name
[1]"Loser"

[[4]]$rightpole$preferred
[1]NA

[[4]]$rightpole$emerged
[1]NA



[[5]]
[[5]]$leftpole
[[5]]$leftpole$name
[1]"Emotional"

[[5]]$leftpole$preferred
[1]NA

[[5]]$leftpole$emerged
[1]NA


[[5]]$rightpole
[[5]]$rightpole$name
[1]"*Calm"

[[5]]$rightpole$preferred
[1]NA

[[5]]$rightpole$emerged
[1]NA



[[6]]
[[6]]$leftpole
[[6]]$leftpole$name
[1]"*Caring"

[[6]]$leftpole$preferred
[1]NA

[[6]]$leftpole$emerged
[1]NA


[[6]]$rightpole
[[6]]$rightpole$name
[1]"Selfish"

[[6]]$rightpole$preferred
[1]NA

[[6]]$rightpole$emerged
[1]NA



[[1]]
[[1]]$name
[1]"Self"

[[1]]$abbreviation
[1]NA

[[1]]$status
[1]NA


[[2]]
[[2]]$name
[1]"Ideal self"

[[2]]$abbreviation
[1]NA

[[2]]$status
[1]NA


[[3]]
[[3]]$name
[1]"Mother"

[[3]]$abbreviation
[1]NA

[[3]]$status
[1]NA


[[4]]
[[4]]$name
[1]"Father"

[[4]]$abbreviation
[1]NA

[[4]]$status
[1]NA


[[5]]
[[5]]$name
[1]"Spouse"

[[5]]$abbreviation
[1]NA

[[5]]$status
[1]NA


[[6]]
[[6]]$name
[1]"Disliked person"

[[6]]$abbreviation
[1]NA

[[6]]$status
[1]NA


[1]7
[1]7
[1]6
[1]6
[1]5
[1]4
[1]4
[1]7
[1]4
[1]7
[1]6
[1]7
[1]7
[1]3
[1]6
[1]2
[1]5
[1]6
[1]5
[1]5
[1]5
[1]2
[1]4
[1]4
[1]3
[1]2
[1]5
[1]3
[1]4
[1]5
[1]3
[1]3
[1]2
[1]2
[1]1
[1]1
[1]1
[1]7
[[1]]
[[1]]$leftpole
[[1]]$leftpole$name
[1]"assertive"

[[1]]$leftpole$preferred
[1]NA

[[1]]$leftpole$emerged
[1]NA


[[1]]$rightpole
[[1]]$rightpole$name
[1]"not assertive"

[[1]]$rightpole$preferred
[1]NA

[[1]]$rightpole$emerged
[1]NA



[[2]]
[[2]]$leftpole
[[2]]$leftpole$name
[1]"confident"

[[2]]$leftpole$preferred
[1]NA

[[2]]$leftpole$emerged
[1]NA


[[2]]$rightpole
[[2]]$rightpole$name
[1]"unconfident"

[[2]]$rightpole$preferred
[1]NA

[[2]]$rightpole$emerged
[1]NA



[[3]]
[[3]]$leftpole
[[3]]$leftpole$name
[1]"does not feel guilty"

[[3]]$leftpole$preferred
[1]NA

[[3]]$leftpole$emerged
[1]NA


[[3]]$rightpole
[[3]]$rightpole$name
[1]"feels guilty"

[[3]]$rightpole$preferred
[1]NA

[[3]]$rightpole$emerged
[1]NA



[[4]]
[[4]]$leftpole
[[4]]$leftpole$name
[1]"abusive"

[[4]]$leftpole$preferred
[1]NA

[[4]]$leftpole$emerged
[1]NA


[[4]]$rightpole
[[4]]$rightpole$name
[1]"not abusive"

[[4]]$rightpole$preferred
[1]NA

[[4]]$rightpole$emerged
[1]NA



[[5]]
[[5]]$leftpole
[[5]]$leftpole$name
[1]"frightening"

[[5]]$leftpole$preferred
[1]NA

[[5]]$leftpole$emerged
[1]NA


[[5]]$rightpole
[[5]]$rightpole$name
[1]"not frightening"

[[5]]$rightpole$preferred
[1]NA

[[5]]$rightpole$emerged
[1]NA



[[6]]
[[6]]$leftpole
[[6]]$leftpole$name
[1]"untrustworthy"

[[6]]$leftpole$preferred
[1]NA

[[6]]$leftpole$emerged
[1]NA


[[6]]$rightpole
[[6]]$rightpole$name
[1]"trustworthy"

[[6]]$rightpole$preferred
[1]NA

[[6]]$rightpole$emerged
[1]NA



[[7]]
[[7]]$leftpole
[[7]]$leftpole$name
[1]"powerful"

[[7]]$leftpole$preferred
[1]NA

[[7]]$leftpole$emerged
[1]NA


[[7]]$rightpole
[[7]]$rightpole$name
[1]"powerless"

[[7]]$rightpole$preferred
[1]NA

[[7]]$rightpole$emerged
[1]NA



[[8]]
[[8]]$leftpole
[[8]]$leftpole$name
[1]"big headed"

[[8]]$leftpole$preferred
[1]NA

[[8]]$leftpole$emerged
[1]NA


[[8]]$rightpole
[[8]]$rightpole$name
[1]"not big headed"

[[8]]$rightpole$preferred
[1]NA

[[8]]$rightpole$emerged
[1]NA



[[9]]
[[9]]$leftpole
[[9]]$leftpole$name
[1]"independent"

[[9]]$leftpole$preferred
[1]NA

[[9]]$leftpole$emerged
[1]NA


[[9]]$rightpole
[[9]]$rightpole$name
[1]"dependent"

[[9]]$rightpole$preferred
[1]NA

[[9]]$rightpole$emerged
[1]NA



[[10]]
[[10]]$leftpole
[[10]]$leftpole$name
[1]"confusing"

[[10]]$leftpole$preferred
[1]NA

[[10]]$leftpole$emerged
[1]NA


[[10]]$rightpole
[[10]]$rightpole$name
[1]"not confusing"

[[10]]$rightpole$preferred
[1]NA

[[10]]$rightpole$emerged
[1]NA



[[11]]
[[11]]$leftpole
[[11]]$leftpole$name
[1]"guilty"

[[11]]$leftpole$preferred
[1]NA

[[11]]$leftpole$emerged
[1]NA


[[11]]$rightpole
[[11]]$rightpole$name
[1]"not guilty"

[[11]]$rightpole$preferred
[1]NA

[[11]]$rightpole$emerged
[1]NA



[[12]]
[[12]]$leftpole
[[12]]$leftpole$name
[1]"cold"

[[12]]$leftpole$preferred
[1]NA

[[12]]$leftpole$emerged
[1]NA


[[12]]$rightpole
[[12]]$rightpole$name
[1]"shows feelings"

[[12]]$rightpole$preferred
[1]NA

[[12]]$rightpole$emerged
[1]NA



[[13]]
[[13]]$leftpole
[[13]]$leftpole$name
[1]"masculine"

[[13]]$leftpole$preferred
[1]NA

[[13]]$leftpole$emerged
[1]NA


[[13]]$rightpole
[[13]]$rightpole$name
[1]"feminine"

[[13]]$rightpole$preferred
[1]NA

[[13]]$rightpole$emerged
[1]NA



[[14]]
[[14]]$leftpole
[[14]]$leftpole$name
[1]"interested in sex"

[[14]]$leftpole$preferred
[1]NA

[[14]]$leftpole$emerged
[1]NA


[[14]]$rightpole
[[14]]$rightpole$name
[1]"not interested in sex"

[[14]]$rightpole$preferred
[1]NA

[[14]]$rightpole$emerged
[1]NA



[[1]]
[[1]]$name
[1]"Child self"

[[1]]$abbreviation
[1]NA

[[1]]$status
[1]NA


[[2]]
[[2]]$name
[1]"Self now"

[[2]]$abbreviation
[1]NA

[[2]]$status
[1]NA


[[3]]
[[3]]$name
[1]"Women in general"

[[3]]$abbreviation
[1]NA

[[3]]$status
[1]NA


[[4]]
[[4]]$name
[1]"Men in general"

[[4]]$abbreviation
[1]NA

[[4]]$status
[1]NA


[[5]]
[[5]]$name
[1]"Father"

[[5]]$abbreviation
[1]NA

[[5]]$status
[1]NA


[[6]]
[[6]]$name
[1]"Partner"

[[6]]$abbreviation
[1]NA

[[6]]$status
[1]NA


[[7]]
[[7]]$name
[1]"Ideal self"

[[7]]$abbreviation
[1]NA

[[7]]$status
[1]NA


[[8]]
[[8]]$name
[1]"Mother"

[[8]]$abbreviation
[1]NA

[[8]]$status
[1]NA


[[9]]
[[9]]$name
[1]"Abuser in childhood"

[[9]]$abbreviation
[1]NA

[[9]]$status
[1]NA


[1]2
[1]1
[1]1
[1]7
[1]7
[1]7
[1]7
[1]7
[1]5
[1]7
[1]7
[1]7
[1]7
[1]7
[1]7
[1]7
[1]6
[1]7
[1]7
[1]7
[1]5
[1]5
[1]6
[1]2
[1]3
[1]3
[1]7
[1]5
[1]4
[1]3
[1]4
[1]4
[1]4
[1]6
[1]4
[1]4
[1]3
[1]4
[1]4
[1]5
[1]5
[1]3
[1]2
[1]2
[1]2
[1]6
[1]5
[1]5
[1]2
[1]2
[1]2
[1]4
[1]4
[1]4
[1]1
[1]1
[1]3
[1]2
[1]1
[1]7
[1]7
[1]7
[1]3
[1]6
[1]2
[1]7
[1]7
[1]7
[1]1
[1]1
[1]5
[1]4
[1]1
[1]6
[1]7
[1]7
[1]5
[1]6
[1]4
[1]6
[1]6
[1]7
[1]2
[1]1
[1]3
[1]2
[1]1
[1]7
[1]7
[1]7
[1]2
[1]4
[1]1
[1]7
[1]7
[1]6
[1]5
[1]2
[1]1
[1]1
[1]1
[1]3
[1]3
[1]3
[1]1
[1]2
[1]3
[1]1
[1]4
[1]2
[1]2
[1]7
[1]1
[1]1
[1]1
[1]1
[1]2
[1]1
[1]1
[1]1
[1]1
[1]2
[1]1
[1]6
[1]1
[1]1
[1]1
[1]7
[[1]]
[[1]]$leftpole
[[1]]$leftpole$name
[1]"assertive"

[[1]]$leftpole$preferred
[1]NA

[[1]]$leftpole$emerged
[1]NA


[[1]]$rightpole
[[1]]$rightpole$name
[1]"not assertive"

[[1]]$rightpole$preferred
[1]NA

[[1]]$rightpole$emerged
[1]NA



[[2]]
[[2]]$leftpole
[[2]]$leftpole$name
[1]"confident"

[[2]]$leftpole$preferred
[1]NA

[[2]]$leftpole$emerged
[1]NA


[[2]]$rightpole
[[2]]$rightpole$name
[1]"unconfident"

[[2]]$rightpole$preferred
[1]NA

[[2]]$rightpole$emerged
[1]NA



[[3]]
[[3]]$leftpole
[[3]]$leftpole$name
[1]"does not feel guilty"

[[3]]$leftpole$preferred
[1]NA

[[3]]$leftpole$emerged
[1]NA


[[3]]$rightpole
[[3]]$rightpole$name
[1]"feels guilty"

[[3]]$rightpole$preferred
[1]NA

[[3]]$rightpole$emerged
[1]NA



[[4]]
[[4]]$leftpole
[[4]]$leftpole$name
[1]"abusive"

[[4]]$leftpole$preferred
[1]NA

[[4]]$leftpole$emerged
[1]NA


[[4]]$rightpole
[[4]]$rightpole$name
[1]"not abusive"

[[4]]$rightpole$preferred
[1]NA

[[4]]$rightpole$emerged
[1]NA



[[5]]
[[5]]$leftpole
[[5]]$leftpole$name
[1]"untrustworthy"

[[5]]$leftpole$preferred
[1]NA

[[5]]$leftpole$emerged
[1]NA


[[5]]$rightpole
[[5]]$rightpole$name
[1]"trustworthy"

[[5]]$rightpole$preferred
[1]NA

[[5]]$rightpole$emerged
[1]NA



[[6]]
[[6]]$leftpole
[[6]]$leftpole$name
[1]"guilty"

[[6]]$leftpole$preferred
[1]NA

[[6]]$leftpole$emerged
[1]NA


[[6]]$rightpole
[[6]]$rightpole$name
[1]"not guilty"

[[6]]$rightpole$preferred
[1]NA

[[6]]$rightpole$emerged
[1]NA



[[7]]
[[7]]$leftpole
[[7]]$leftpole$name
[1]"big headed"

[[7]]$leftpole$preferred
[1]NA

[[7]]$leftpole$emerged
[1]NA


[[7]]$rightpole
[[7]]$rightpole$name
[1]"not big headed"

[[7]]$rightpole$preferred
[1]NA

[[7]]$rightpole$emerged
[1]NA



[[8]]
[[8]]$leftpole
[[8]]$leftpole$name
[1]"frightening"

[[8]]$leftpole$preferred
[1]NA

[[8]]$leftpole$emerged
[1]NA


[[8]]$rightpole
[[8]]$rightpole$name
[1]"not frightening"

[[8]]$rightpole$preferred
[1]NA

[[8]]$rightpole$emerged
[1]NA



[[9]]
[[9]]$leftpole
[[9]]$leftpole$name
[1]"cold"

[[9]]$leftpole$preferred
[1]NA

[[9]]$leftpole$emerged
[1]NA


[[9]]$rightpole
[[9]]$rightpole$name
[1]"shows feelings"

[[9]]$rightpole$preferred
[1]NA

[[9]]$rightpole$emerged
[1]NA



[[10]]
[[10]]$leftpole
[[10]]$leftpole$name
[1]"powerful"

[[10]]$leftpole$preferred
[1]NA

[[10]]$leftpole$emerged
[1]NA


[[10]]$rightpole
[[10]]$rightpole$name
[1]"powerless"

[[10]]$rightpole$preferred
[1]NA

[[10]]$rightpole$emerged
[1]NA



[[11]]
[[11]]$leftpole
[[11]]$leftpole$name
[1]"confusing"

[[11]]$leftpole$preferred
[1]NA

[[11]]$leftpole$emerged
[1]NA


[[11]]$rightpole
[[11]]$rightpole$name
[1]"not confusing"

[[11]]$rightpole$preferred
[1]NA

[[11]]$rightpole$emerged
[1]NA



[[12]]
[[12]]$leftpole
[[12]]$leftpole$name
[1]"not interested in sex"

[[12]]$leftpole$preferred
[1]NA

[[12]]$leftpole$emerged
[1]NA


[[12]]$rightpole
[[12]]$rightpole$name
[1]"interested in sex"

[[12]]$rightpole$preferred
[1]NA

[[12]]$rightpole$emerged
[1]NA



[[13]]
[[13]]$leftpole
[[13]]$leftpole$name
[1]"dependent"

[[13]]$leftpole$preferred
[1]NA

[[13]]$leftpole$emerged
[1]NA


[[13]]$rightpole
[[13]]$rightpole$name
[1]"independent"

[[13]]$rightpole$preferred
[1]NA

[[13]]$rightpole$emerged
[1]NA



[[14]]
[[14]]$leftpole
[[14]]$leftpole$name
[1]"masculine"

[[14]]$leftpole$preferred
[1]NA

[[14]]$leftpole$emerged
[1]NA


[[14]]$rightpole
[[14]]$rightpole$name
[1]"feminine"

[[14]]$rightpole$preferred
[1]NA

[[14]]$rightpole$emerged
[1]NA



[[1]]
[[1]]$name
[1]"Child self"

[[1]]$abbreviation
[1]NA

[[1]]$status
[1]NA


[[2]]
[[2]]$name
[1]"Self now"

[[2]]$abbreviation
[1]NA

[[2]]$status
[1]NA


[[3]]
[[3]]$name
[1]"Women in general"

[[3]]$abbreviation
[1]NA

[[3]]$status
[1]NA


[[4]]
[[4]]$name
[1]"Men in general"

[[4]]$abbreviation
[1]NA

[[4]]$status
[1]NA


[[5]]
[[5]]$name
[1]"Father"

[[5]]$abbreviation
[1]NA

[[5]]$status
[1]NA


[[6]]
[[6]]$name
[1]"Partner"

[[6]]$abbreviation
[1]NA

[[6]]$status
[1]NA


[[7]]
[[7]]$name
[1]"Ideal self"

[[7]]$abbreviation
[1]NA

[[7]]$status
[1]NA


[[8]]
[[8]]$name
[1]"Mother"

[[8]]$abbreviation
[1]NA

[[8]]$status
[1]NA


[[9]]
[[9]]$name
[1]"Abuser in childhood"

[[9]]$abbreviation
[1]NA

[[9]]$status
[1]NA


[1]4
[1]3
[1]2
[1]7
[1]7
[1]7
[1]6
[1]7
[1]5
[1]6
[1]7
[1]1
[1]3
[1]6
[1]5
[1]6
[1]4
[1]5
[1]7
[1]7
[1]6
[1]6
[1]6
[1]3
[1]3
[1]4
[1]2
[1]6
[1]5
[1]4
[1]4
[1]4
[1]6
[1]4
[1]4
[1]4
[1]6
[1]3
[1]6
[1]4
[1]6
[1]7
[1]3
[1]3
[1]2
[1]4
[1]5
[1]4
[1]4
[1]4
[1]4
[1]2
[1]6
[1]4
[1]5
[1]1
[1]6
[1]3
[1]1
[1]7
[1]7
[1]7
[1]7
[1]7
[1]7
[1]3
[1]6
[1]5
[1]5
[1]2
[1]6
[1]5
[1]2
[1]7
[1]7
[1]7
[1]5
[1]7
[1]7
[1]5
[1]6
[1]6
[1]4
[1]1
[1]2
[1]1
[1]1
[1]7
[1]7
[1]7
[1]7
[1]7
[1]7
[1]1
[1]7
[1]6
[1]6
[1]7
[1]1
[1]1
[1]1
[1]3
[1]3
[1]5
[1]4
[1]2
[1]2
[1]1
[1]1
[1]1
[1]3
[1]4
[1]1
[1]1
[1]1
[1]1
[1]1
[1]1
[1]1
[1]4
[1]5
[1]1
[1]3
[1]7
[1]6
[1]1
[1]-1
[1]1
[[1]]
[[1]]$leftpole
[[1]]$leftpole$name
[1]"charakterlos"

[[1]]$leftpole$preferred
[1]NA

[[1]]$leftpole$emerged
[1]NA


[[1]]$rightpole
[[1]]$rightpole$name
[1]"Charakter haben"

[[1]]$rightpole$preferred
[1]NA

[[1]]$rightpole$emerged
[1]NA



[[2]]
[[2]]$leftpole
[[2]]$leftpole$name
[1]"uninteressiert"

[[2]]$leftpole$preferred
[1]NA

[[2]]$leftpole$emerged
[1]NA


[[2]]$rightpole
[[2]]$rightpole$name
[1]"interessiert"

[[2]]$rightpole$preferred
[1]NA

[[2]]$rightpole$emerged
[1]NA



[[3]]
[[3]]$leftpole
[[3]]$leftpole$name
[1]"sich gehen lassen"

[[3]]$leftpole$preferred
[1]NA

[[3]]$leftpole$emerged
[1]NA


[[3]]$rightpole
[[3]]$rightpole$name
[1]"zielstrebig"

[[3]]$rightpole$preferred
[1]NA

[[3]]$rightpole$emerged
[1]NA



[[4]]
[[4]]$leftpole
[[4]]$leftpole$name
[1]"unerfahren"

[[4]]$leftpole$preferred
[1]NA

[[4]]$leftpole$emerged
[1]NA


[[4]]$rightpole
[[4]]$rightpole$name
[1]"erfahren"

[[4]]$rightpole$preferred
[1]NA

[[4]]$rightpole$emerged
[1]NA



[[5]]
[[5]]$leftpole
[[5]]$leftpole$name
[1]"abschaetzbar"

[[5]]$leftpole$preferred
[1]NA

[[5]]$leftpole$emerged
[1]NA


[[5]]$rightpole
[[5]]$rightpole$name
[1]"unberechenbar"

[[5]]$rightpole$preferred
[1]NA

[[5]]$rightpole$emerged
[1]NA



[[6]]
[[6]]$leftpole
[[6]]$leftpole$name
[1]"mutig"

[[6]]$leftpole$preferred
[1]NA

[[6]]$leftpole$emerged
[1]NA


[[6]]$rightpole
[[6]]$rightpole$name
[1]"feige"

[[6]]$rightpole$preferred
[1]NA

[[6]]$rightpole$emerged
[1]NA



[[7]]
[[7]]$leftpole
[[7]]$leftpole$name
[1]"leichtfuessig"

[[7]]$leftpole$preferred
[1]NA

[[7]]$leftpole$emerged
[1]NA


[[7]]$rightpole
[[7]]$rightpole$name
[1]"schwerfaellig"

[[7]]$rightpole$preferred
[1]NA

[[7]]$rightpole$emerged
[1]NA



[[8]]
[[8]]$leftpole
[[8]]$leftpole$name
[1]"kuehl"

[[8]]$leftpole$preferred
[1]NA

[[8]]$leftpole$emerged
[1]NA


[[8]]$rightpole
[[8]]$rightpole$name
[1]"warmherzig"

[[8]]$rightpole$preferred
[1]NA

[[8]]$rightpole$emerged
[1]NA



[[9]]
[[9]]$leftpole
[[9]]$leftpole$name
[1]"egoistisch eigennuetzig"

[[9]]$leftpole$preferred
[1]NA

[[9]]$leftpole$emerged
[1]NA


[[9]]$rightpole
[[9]]$rightpole$name
[1]"lebensbejahend sozial"

[[9]]$rightpole$preferred
[1]NA

[[9]]$rightpole$emerged
[1]NA



[[10]]
[[10]]$leftpole
[[10]]$leftpole$name
[1]"angepasst"

[[10]]$leftpole$preferred
[1]NA

[[10]]$leftpole$emerged
[1]NA


[[10]]$rightpole
[[10]]$rightpole$name
[1]"unangepasst"

[[10]]$rightpole$preferred
[1]NA

[[10]]$rightpole$emerged
[1]NA



[[11]]
[[11]]$leftpole
[[11]]$leftpole$name
[1]"offen"

[[11]]$leftpole$preferred
[1]NA

[[11]]$leftpole$emerged
[1]NA


[[11]]$rightpole
[[11]]$rightpole$name
[1]"hinterhaeltig"

[[11]]$rightpole$preferred
[1]NA

[[11]]$rightpole$emerged
[1]NA



[[12]]
[[12]]$leftpole
[[12]]$leftpole$name
[1]"unvorsichtig"

[[12]]$leftpole$preferred
[1]NA

[[12]]$leftpole$emerged
[1]NA


[[12]]$rightpole
[[12]]$rightpole$name
[1]"diszipliniert gesund"

[[12]]$rightpole$preferred
[1]NA

[[12]]$rightpole$emerged
[1]NA



[[13]]
[[13]]$leftpole
[[13]]$leftpole$name
[1]"bruederlich freundschaftlich"

[[13]]$leftpole$preferred
[1]NA

[[13]]$leftpole$emerged
[1]NA


[[13]]$rightpole
[[13]]$rightpole$name
[1]"vaeterlich autoritaer"

[[13]]$rightpole$preferred
[1]NA

[[13]]$rightpole$emerged
[1]NA



[[1]]
[[1]]$name
[1]"Freund"

[[1]]$abbreviation
[1]NA

[[1]]$status
[1]NA


[[2]]
[[2]]$name
[1]"Therapeut"

[[2]]$abbreviation
[1]NA

[[2]]$status
[1]NA


[[3]]
[[3]]$name
[1]"Ideal"

[[3]]$abbreviation
[1]NA

[[3]]$status
[1]NA


[[4]]
[[4]]$name
[1]"Arzt"

[[4]]$abbreviation
[1]NA

[[4]]$status
[1]NA


[[5]]
[[5]]$name
[1]"Ich vorher"

[[5]]$abbreviation
[1]NA

[[5]]$status
[1]NA


[[6]]
[[6]]$name
[1]"Virus"

[[6]]$abbreviation
[1]NA

[[6]]$status
[1]NA


[[7]]
[[7]]$name
[1]"Mutter"

[[7]]$abbreviation
[1]NA

[[7]]$status
[1]NA


[[8]]
[[8]]$name
[1]"Schwester"

[[8]]$abbreviation
[1]NA

[[8]]$status
[1]NA


[[9]]
[[9]]$name
[1]"Partner"

[[9]]$abbreviation
[1]NA

[[9]]$status
[1]NA


[[10]]
[[10]]$name
[1]"Vater"

[[10]]$abbreviation
[1]NA

[[10]]$status
[1]NA


[[11]]
[[11]]$name
[1]"Neg. Person"

[[11]]$abbreviation
[1]NA

[[11]]$status
[1]NA


[[12]]
[[12]]$name
[1]"Ich"

[[12]]$abbreviation
[1]NA

[[12]]$status
[1]NA


[[13]]
[[13]]$name
[1]"Freundin"

[[13]]$abbreviation
[1]NA

[[13]]$status
[1]NA


[1]1
[1]1
[1]1
[1]1
[1]-1
[1]-1
[1]-1
[1]1
[1]1
[1]1
[1]-1
[1]-1
[1]0
[1]1
[1]1
[1]1
[1]1
[1]1
[1]-1
[1]-1
[1]1
[1]1
[1]-1
[1]-1
[1]-1
[1]-1
[1]1
[1]1
[1]1
[1]1
[1]1
[1]-1
[1]-1
[1]1
[1]1
[1]1
[1]-1
[1]1
[1]-1
[1]1
[1]1
[1]1
[1]1
[1]1
[1]-1
[1]-1
[1]0
[1]1
[1]0
[1]-1
[1]1
[1]1
[1]1
[1]1
[1]1
[1]1
[1]1
[1]1
[1]-1
[1]-1
[1]-1
[1]1
[1]1
[1]-1
[1]-1
[1]-1
[1]1
[1]1
[1]1
[1]1
[1]1
[1]-1
[1]-1
[1]-1
[1]1
[1]1
[1]1
[1]0
[1]-1
[1]-1
[1]-1
[1]-1
[1]1
[1]1
[1]1
[1]-1
[1]-1
[1]-1
[1]1
[1]0
[1]0
[1]-1
[1]-1
[1]-1
[1]-1
[1]-1
[1]1
[1]1
[1]1
[1]0
[1]-1
[1]-1
[1]1
[1]-1
[1]1
[1]1
[1]1
[1]-1
[1]-1
[1]-1
[1]-1
[1]1
[1]1
[1]-1
[1]-1
[1]-1
[1]0
[1]-1
[1]1
[1]-1
[1]0
[1]-1
[1]1
[1]1
[1]1
[1]1
[1]-1
[1]-1
[1]1
[1]1
[1]-1
[1]-1
[1]-1
[1]-1
[1]-1
[1]1
[1]0
[1]1
[1]-1
[1]-1
[1]1
[1]-1
[1]0
[1]1
[1]1
[1]1
[1]1
[1]1
[1]1
[1]1
[1]0
[1]-1
[1]-1
[1]-1
[1]1
[1]0
[1]1
[1]1
[1]1
[1]1
[1]0
[1]-1
[1]-1
[1]-1
[1]0
[1]-1
[1]-1
[1]-1
[1]-1
[1]1
[1]5
[[1]]
[[1]]$leftpole
[[1]]$leftpole$name
[1]""

[[1]]$leftpole$preferred
[1]NA

[[1]]$leftpole$emerged
[1]NA


[[1]]$rightpole
[[1]]$rightpole$name
[1]"Makes me talk more"

[[1]]$rightpole$preferred
[1]NA

[[1]]$rightpole$emerged
[1]NA



[[2]]
[[2]]$leftpole
[[2]]$leftpole$name
[1]""

[[2]]$leftpole$preferred
[1]NA

[[2]]$leftpole$emerged
[1]NA


[[2]]$rightpole
[[2]]$rightpole$name
[1]"Makes me feel high"

[[2]]$rightpole$preferred
[1]NA

[[2]]$rightpole$emerged
[1]NA



[[3]]
[[3]]$leftpole
[[3]]$leftpole$name
[1]""

[[3]]$leftpole$preferred
[1]NA

[[3]]$leftpole$emerged
[1]NA


[[3]]$rightpole
[[3]]$rightpole$name
[1]"Makes me feel blocked"

[[3]]$rightpole$preferred
[1]NA

[[3]]$rightpole$emerged
[1]NA



[[4]]
[[4]]$leftpole
[[4]]$leftpole$name
[1]""

[[4]]$leftpole$preferred
[1]NA

[[4]]$leftpole$emerged
[1]NA


[[4]]$rightpole
[[4]]$rightpole$name
[1]"Makes me feel sleepy"

[[4]]$rightpole$preferred
[1]NA

[[4]]$rightpole$emerged
[1]NA



[[5]]
[[5]]$leftpole
[[5]]$leftpole$name
[1]""

[[5]]$leftpole$preferred
[1]NA

[[5]]$leftpole$emerged
[1]NA


[[5]]$rightpole
[[5]]$rightpole$name
[1]"Gives me a warminn feeling inside"

[[5]]$rightpole$preferred
[1]NA

[[5]]$rightpole$emerged
[1]NA



[[6]]
[[6]]$leftpole
[[6]]$leftpole$name
[1]""

[[6]]$leftpole$preferred
[1]NA

[[6]]$leftpole$emerged
[1]NA


[[6]]$rightpole
[[6]]$rightpole$name
[1]"Makes me feel drunk"

[[6]]$rightpole$preferred
[1]NA

[[6]]$rightpole$emerged
[1]NA



[[7]]
[[7]]$leftpole
[[7]]$leftpole$name
[1]""

[[7]]$leftpole$preferred
[1]NA

[[7]]$leftpole$emerged
[1]NA


[[7]]$rightpole
[[7]]$rightpole$name
[1]"Makes me imagine things"

[[7]]$rightpole$preferred
[1]NA

[[7]]$rightpole$emerged
[1]NA



[[8]]
[[8]]$leftpole
[[8]]$leftpole$name
[1]""

[[8]]$leftpole$preferred
[1]NA

[[8]]$leftpole$emerged
[1]NA


[[8]]$rightpole
[[8]]$rightpole$name
[1]"Makes me feel sick"

[[8]]$rightpole$preferred
[1]NA

[[8]]$rightpole$emerged
[1]NA



[[9]]
[[9]]$leftpole
[[9]]$leftpole$name
[1]""

[[9]]$leftpole$preferred
[1]NA

[[9]]$leftpole$emerged
[1]NA


[[9]]$rightpole
[[9]]$rightpole$name
[1]"Makes me do things without knowing what I'm doing"

[[9]]$rightpole$preferred
[1]NA

[[9]]$rightpole$emerged
[1]NA



[[10]]
[[10]]$leftpole
[[10]]$leftpole$name
[1]""

[[10]]$leftpole$preferred
[1]NA

[[10]]$leftpole$emerged
[1]NA


[[10]]$rightpole
[[10]]$rightpole$name
[1]"Hepls me enjoy things"

[[10]]$rightpole$preferred
[1]NA

[[10]]$rightpole$emerged
[1]NA



[[11]]
[[11]]$leftpole
[[11]]$leftpole$name
[1]""

[[11]]$leftpole$preferred
[1]NA

[[11]]$leftpole$emerged
[1]NA


[[11]]$rightpole
[[11]]$rightpole$name
[1]"Gives me a good buzz"

[[11]]$rightpole$preferred
[1]NA

[[11]]$rightpole$emerged
[1]NA



[[12]]
[[12]]$leftpole
[[12]]$leftpole$name
[1]""

[[12]]$leftpole$preferred
[1]NA

[[12]]$leftpole$emerged
[1]NA


[[12]]$rightpole
[[12]]$rightpole$name
[1]"Makes me tense"

[[12]]$rightpole$preferred
[1]NA

[[12]]$rightpole$emerged
[1]NA



[[13]]
[[13]]$leftpole
[[13]]$leftpole$name
[1]""

[[13]]$leftpole$preferred
[1]NA

[[13]]$leftpole$emerged
[1]NA


[[13]]$rightpole
[[13]]$rightpole$name
[1]"Makes me feel sexy"

[[13]]$rightpole$preferred
[1]NA

[[13]]$rightpole$emerged
[1]NA



[[14]]
[[14]]$leftpole
[[14]]$leftpole$name
[1]""

[[14]]$leftpole$preferred
[1]NA

[[14]]$leftpole$emerged
[1]NA


[[14]]$rightpole
[[14]]$rightpole$name
[1]"After taking it I may see or hear people whoe aren't really there"

[[14]]$rightpole$preferred
[1]NA

[[14]]$rightpole$emerged
[1]NA



[[1]]
[[1]]$name
[1]"Alcohol"

[[1]]$abbreviation
[1]NA

[[1]]$status
[1]NA


[[2]]
[[2]]$name
[1]"Barbiturates"

[[2]]$abbreviation
[1]NA

[[2]]$status
[1]NA


[[3]]
[[3]]$name
[1]"Cannabis"

[[3]]$abbreviation
[1]NA

[[3]]$status
[1]NA


[[4]]
[[4]]$name
[1]"Cocain"

[[4]]$abbreviation
[1]NA

[[4]]$status
[1]NA


[[5]]
[[5]]$name
[1]"Drynomil"

[[5]]$abbreviation
[1]NA

[[5]]$status
[1]NA


[[6]]
[[6]]$name
[1]"Heroin"

[[6]]$abbreviation
[1]NA

[[6]]$status
[1]NA


[[7]]
[[7]]$name
[1]"L.S.D."

[[7]]$abbreviation
[1]NA

[[7]]$status
[1]NA


[[8]]
[[8]]$name
[1]"Madryx"

[[8]]$abbreviation
[1]NA

[[8]]$status
[1]NA


[[9]]
[[9]]$name
[1]"Methedrine (injections)"

[[9]]$abbreviation
[1]NA

[[9]]$status
[1]NA


[1]2
[1]3
[1]3
[1]3
[1]2
[1]2
[1]3
[1]3
[1]3
[1]3
[1]3
[1]3
[1]2
[1]3
[1]2
[1]1
[1]1
[1]1
[1]1
[1]1
[1]3
[1]3
[1]1
[1]2
[1]1
[1]5
[1]5
[1]3
[1]4
[1]2
[1]2
[1]2
[1]2
[1]2
[1]1
[1]2
[1]4
[1]2
[1]1
[1]2
[1]2
[1]3
[1]1
[1]1
[1]1
[1]5
[1]1
[1]5
[1]3
[1]3
[1]3
[1]2
[1]1
[1]1
[1]4
[1]2
[1]1
[1]1
[1]1
[1]5
[1]4
[1]5
[1]2
[1]3
[1]2
[1]1
[1]3
[1]1
[1]3
[1]1
[1]4
[1]2
[1]2
[1]2
[1]2
[1]2
[1]2
[1]3
[1]3
[1]2
[1]1
[1]5
[1]5
[1]3
[1]5
[1]1
[1]1
[1]5
[1]3
[1]5
[1]1
[1]3
[1]4
[1]1
[1]1
[1]3
[1]3
[1]2
[1]2
[1]1
[1]1
[1]1
[1]1
[1]1
[1]3
[1]3
[1]2
[1]2
[1]1
[1]5
[1]5
[1]3
[1]1
[1]2
[1]2
[1]5
[1]3
[1]4
[1]2
[1]3
[1]2
[1]4
[1]3
[1]1
[1]4
[1]2
[1]1
[1]10
[[1]]
[[1]]$leftpole
[[1]]$leftpole$name
[1]""

[[1]]$leftpole$preferred
[1]NA

[[1]]$leftpole$emerged
[1]NA


[[1]]$rightpole
[[1]]$rightpole$name
[1]"Make me cut myself"

[[1]]$rightpole$preferred
[1]NA

[[1]]$rightpole$emerged
[1]NA



[[2]]
[[2]]$leftpole
[[2]]$leftpole$name
[1]""

[[2]]$leftpole$preferred
[1]NA

[[2]]$leftpole$emerged
[1]NA


[[2]]$rightpole
[[2]]$rightpole$name
[1]"Make me think people are unfriendly"

[[2]]$rightpole$preferred
[1]NA

[[2]]$rightpole$emerged
[1]NA



[[3]]
[[3]]$leftpole
[[3]]$leftpole$name
[1]""

[[3]]$leftpole$preferred
[1]NA

[[3]]$leftpole$emerged
[1]NA


[[3]]$rightpole
[[3]]$rightpole$name
[1]"Make me feel depressed"

[[3]]$rightpole$preferred
[1]NA

[[3]]$rightpole$emerged
[1]NA



[[4]]
[[4]]$leftpole
[[4]]$leftpole$name
[1]""

[[4]]$leftpole$preferred
[1]NA

[[4]]$leftpole$emerged
[1]NA


[[4]]$rightpole
[[4]]$rightpole$name
[1]"Make me feel angry"

[[4]]$rightpole$preferred
[1]NA

[[4]]$rightpole$emerged
[1]NA



[[5]]
[[5]]$leftpole
[[5]]$leftpole$name
[1]""

[[5]]$leftpole$preferred
[1]NA

[[5]]$leftpole$emerged
[1]NA


[[5]]$rightpole
[[5]]$rightpole$name
[1]"Make me feel scared"

[[5]]$rightpole$preferred
[1]NA

[[5]]$rightpole$emerged
[1]NA



[[6]]
[[6]]$leftpole
[[6]]$leftpole$name
[1]""

[[6]]$leftpole$preferred
[1]NA

[[6]]$leftpole$emerged
[1]NA


[[6]]$rightpole
[[6]]$rightpole$name
[1]"Make me feel more grown-up"

[[6]]$rightpole$preferred
[1]NA

[[6]]$rightpole$emerged
[1]NA



[[7]]
[[7]]$leftpole
[[7]]$leftpole$name
[1]""

[[7]]$leftpole$preferred
[1]NA

[[7]]$leftpole$emerged
[1]NA


[[7]]$rightpole
[[7]]$rightpole$name
[1]"Make me feel more like a child"

[[7]]$rightpole$preferred
[1]NA

[[7]]$rightpole$emerged
[1]NA



[[8]]
[[8]]$leftpole
[[8]]$leftpole$name
[1]""

[[8]]$leftpole$preferred
[1]NA

[[8]]$leftpole$emerged
[1]NA


[[8]]$rightpole
[[8]]$rightpole$name
[1]"Make me feel lonely"

[[8]]$rightpole$preferred
[1]NA

[[8]]$rightpole$emerged
[1]NA



[[9]]
[[9]]$leftpole
[[9]]$leftpole$name
[1]""

[[9]]$leftpole$preferred
[1]NA

[[9]]$leftpole$emerged
[1]NA


[[9]]$rightpole
[[9]]$rightpole$name
[1]"Help me in the long run"

[[9]]$rightpole$preferred
[1]NA

[[9]]$rightpole$emerged
[1]NA



[[10]]
[[10]]$leftpole
[[10]]$leftpole$name
[1]""

[[10]]$leftpole$preferred
[1]NA

[[10]]$leftpole$emerged
[1]NA


[[10]]$rightpole
[[10]]$rightpole$name
[1]"Make me feel cheerful"

[[10]]$rightpole$preferred
[1]NA

[[10]]$rightpole$emerged
[1]NA



[[1]]
[[1]]$name
[1]"Wanting to talk to someone and being unable to"

[[1]]$abbreviation
[1]NA

[[1]]$status
[1]NA


[[2]]
[[2]]$name
[1]"Having the same thoughts for a long time"

[[2]]$abbreviation
[1]NA

[[2]]$status
[1]NA


[[3]]
[[3]]$name
[1]"Being in a crowd"

[[3]]$abbreviation
[1]NA

[[3]]$status
[1]NA


[[4]]
[[4]]$name
[1]"Seeing G."

[[4]]$abbreviation
[1]NA

[[4]]$status
[1]NA


[[5]]
[[5]]$name
[1]"Being at home"

[[5]]$abbreviation
[1]NA

[[5]]$status
[1]NA


[[6]]
[[6]]$name
[1]"Being in hospital"

[[6]]$abbreviation
[1]NA

[[6]]$status
[1]NA


[[7]]
[[7]]$name
[1]"Being with my mother"

[[7]]$abbreviation
[1]NA

[[7]]$status
[1]NA


[[8]]
[[8]]$name
[1]"Being with Dr. W."

[[8]]$abbreviation
[1]NA

[[8]]$status
[1]NA


[[9]]
[[9]]$name
[1]"Being with Mrs. M."

[[9]]$abbreviation
[1]NA

[[9]]$status
[1]NA


[[10]]
[[10]]$name
[1]"Being with my father"

[[10]]$abbreviation
[1]NA

[[10]]$status
[1]NA


[1]2
[1]1
[1]2
[1]1
[1]2
[1]5
[1]2
[1]9
[1]5
[1]9
[1]1
[1]3
[1]5
[1]2
[1]3
[1]4
[1]7
[1]8
[1]9
[1]8
[1]3
[1]6
[1]3
[1]4
[1]5
[1]7
[1]5
[1]7
[1]10
[1]10
[1]6
[1]2
[1]1
[1]3
[1]1
[1]1
[1]9
[1]1
[1]1
[1]1
[1]4
[1]4
[1]4
[1]7
[1]9
[1]2
[1]1
[1]5
[1]8
[1]5
[1]5
[1]7
[1]6
[1]6
[1]7
[1]6
[1]8
[1]6
[1]2
[1]6
[1]7
[1]5
[1]7
[1]10
[1]10
[1]3
[1]3
[1]4
[1]6
[1]3
[1]8
[1]8
[1]10
[1]5
[1]4
[1]9
[1]6
[1]2
[1]3
[1]4
[1]10
[1]10
[1]9
[1]8
[1]6
[1]10
[1]10
[1]10
[1]4
[1]7
[1]9
[1]9
[1]8
[1]9
[1]8
[1]8
[1]4
[1]3
[1]7
[1]2</StdOut>
      </Output>
    </UnitTestResult>
  </Results>
</TestRun>