<?xml version="1.0" encoding="UTF-8"?>
<TestRun id="118002cf-d5eb-4244-8a5c-8e8322124072" name="felixlindemann@FELIXLINDEM239D 2015-07-02 15:13:02" runUser="FELIXLINDEM239D\felixlindemann" xmlns="http://microsoft.com/schemas/VisualStudio/TeamTest/2010">
  <TestSettings name="Lokal" id="c55aef44-e59c-4ee6-aee7-2ad998123b15">
    <Description>Dies sind die standardmäßigen Testeinstellungen für einen lokalen Testlauf.</Description>
    <Deployment enabled="false" runDeploymentRoot="felixlindemann_FELIXLINDEM239D 2015-07-02 15_13_02">
      <DeploymentItem filename="Y:\git\github\RepertoryGrid\RepertoryGrid\packages\R.NET.Community.1.5.21\lib\net40\RDotNet.dll" />
      <DeploymentItem filename="Y:\git\github\RepertoryGrid\RepertoryGrid\OpenRepGridGui\bin\Debug\OpenRepGridGui.exe" />
      <DeploymentItem filename="Y:\git\github\RepertoryGrid\RepertoryGrid\packages\R.NET.Community.1.5.21\lib\net40\RDotNet.NativeLibrary.dll" />
      <DeploymentItem filename="Y:\git\github\RepertoryGrid\RepertoryGrid\RHelper\bin\Debug\RHelper.dll" />
      <DeploymentItem filename="Y:\git\github\RepertoryGrid\RepertoryGrid\myExtensions\bin\Debug\LimeTree.dll" />
      <DeploymentItem filename="Y:\git\github\RepertoryGrid\RepertoryGrid\packages\DynamicInterop.0.7.4\lib\net40\DynamicInterop.dll" />
    </Deployment>
    <Execution>
      <TestTypeSpecific />
      <AgentRule name="Execution Agents">
      </AgentRule>
    </Execution>
  </TestSettings>
  <Times creation="2015-07-02T15:13:02.6516000+02:00" queuing="2015-07-02T15:13:03.6178000+02:00" start="2015-07-02T15:13:03.7270000+02:00" finish="2015-07-02T15:13:04.9126000+02:00" />
  <ResultSummary outcome="Completed">
    <Counters total="1" executed="1" passed="1" error="0" failed="0" timeout="0" aborted="0" inconclusive="0" passedButRunAborted="0" notRunnable="0" notExecuted="0" disconnected="0" warning="0" completed="0" inProgress="0" pending="0" />
  </ResultSummary>
  <TestDefinitions>
    <UnitTest name="TestMethod2" storage="y:\git\github\repertorygrid\repertorygrid\testprojectrepertorygridservice\bin\debug\testprojectrepertorygridservice.dll" id="8d78cd16-f667-d6e0-f59a-e7debf8aac45">
      <Execution id="8bcddc34-c785-48b8-880f-b8f57b9afc8f" />
      <TestMethod codeBase="Y:/git/github/RepertoryGrid/RepertoryGrid/TestProjectRepertoryGridService/bin/Debug/TestProjectRepertoryGridService.DLL" adapterTypeName="Microsoft.VisualStudio.TestTools.TestTypes.Unit.UnitTestAdapter, Microsoft.VisualStudio.QualityTools.Tips.UnitTest.Adapter, Version=10.0.0.0, Culture=neutral, PublicKeyToken=b03f5f7f11d50a3a" className="TestProjectRepertoryGridService.UnitTest9, TestProjectRepertoryGridService, Version=1.0.0.0, Culture=neutral, PublicKeyToken=null" name="TestMethod2" />
    </UnitTest>
  </TestDefinitions>
  <TestLists>
    <TestList name="Nicht in einer Liste enthaltene Ergebnisse" id="8c84fa94-04c1-424b-9868-57a2d4851a1d" />
    <TestList name="Alle geladenen Ergebnisse" id="19431567-8539-422a-85d7-44ee4e166bda" />
  </TestLists>
  <TestEntries>
    <TestEntry testId="8d78cd16-f667-d6e0-f59a-e7debf8aac45" executionId="8bcddc34-c785-48b8-880f-b8f57b9afc8f" testListId="8c84fa94-04c1-424b-9868-57a2d4851a1d" />
  </TestEntries>
  <Results>
    <UnitTestResult executionId="8bcddc34-c785-48b8-880f-b8f57b9afc8f" testId="8d78cd16-f667-d6e0-f59a-e7debf8aac45" testName="TestMethod2" computerName="FELIXLINDEM239D" duration="00:00:00.0105671" startTime="2015-07-02T15:13:03.8674000+02:00" endTime="2015-07-02T15:13:04.8034000+02:00" testType="13cdc9d9-ddb5-4fa4-a97d-d965ccfc6d4b" outcome="Passed" testListId="8c84fa94-04c1-424b-9868-57a2d4851a1d" relativeResultsDirectory="8bcddc34-c785-48b8-880f-b8f57b9afc8f">
      <Output>
        <DebugTrace>o.GetType().ToString(): System.Double[]
</DebugTrace>
      </Output>
    </UnitTestResult>
  </Results>
</TestRun>